==========================================================================
 LAS parameter set: n=4 ell=4 kappa=60 gamma=122880  (d=256, Q=8380417)
   M = n + ell = 8   (dim of sk=r, witness r', mask y, responses z_hat/z)
   paper notation: pp=(A,H)  pk=t  sk=r  statement Y=t'  witness r'
   signing mask y -> commitment w = A*y  (hashed into c; NOT transmitted)
==========================================================================
 Reproducibility: compiler=13.3.0
                  built=Jul 29 2026 18:05:21   git=b58a7f3 (report)
                  (CPU / OS-WSL / run-date captured per run by
                   scripts/run_fair_benchmarks.sh into metadata.txt)
 5 repetitions x 500 (sign-class) / 1000 (verify-class) iters/op; mean +/- sample SD;
 single thread, -O3.  Repetition scheme, fixed pp seed and fixed 33-byte message
 mirror the Rust driver (rust/fips204-las/examples/bench_levels.rs) exactly.
 Cycles/op via upstream test/cpucycles.{h,c} (rdtsc; invariant-TSC reference
 cycles), read once per repetition window: measured read overhead 1 cycles,
 i.e. ~0.0020 cycles/op at the 500-iteration sign-class loop -- negligible, not
 subtracted.  One setup and one consistent state per run (plus its packed byte
 image for the end-to-end tier); primary protocol timings first, then
 diagnostics from the SAME state (cost-attribution / communication aids).

--- WHAT IS COMPARED (separate base/adaptor modules; matched parameters; shared primitives) ---
 BASE  (simplified Dilithium-style signature; NO adaptor statement t'):
   Sign      c = H(pk, w,      M)        Verify    c == H(pk, w',      M)
 LAS ADAPTOR (same scheme; statement/lock Y=t' folded into the hash):
   PreSign   c = H(pk, w + t', M),  z_hat = y + c*r  (reject |z_hat|inf > gamma-kappa-1)
   PreVerify c == H(pk, w' + t', M)
   Adapt     z = z_hat + r'   (final response z;          reject |z|inf > gamma-kappa)
   Ext       s = z - z_hat   (recovers the witness r')
   Adapted sig clears ordinary Verify without an explicit +t' because
     A(z_hat + r') - c*t = (A*z_hat - c*t) + A*r' = w' + t'   (t' = A*r').
   pi (paper-level off-chain proof of well-formedness) is NOT implemented/measured here.
 Every operation is timed at BOTH API tiers: TIER 1 core crypto (structs in/out,
 pure computation) and TIER 2 end-to-end packed (bytes in/out; validating
 unpack -> core -> pack inside the call, upstream sign.c's boundary).

##########################################################################
# PRIMARY (protocol-level) timings -- the headline adaptor-overhead table #
##########################################################################
--- COMPUTATION, TIER 1: CORE CRYPTO (struct API; pure computation, no codec)
    (per op: microseconds AND cycles, each mean +/- sample SD) ---

 Shared (public params pp=(A,H); KeyGen -> pk=t, sk=r):
   Setup             23.53 +/-   0.13 us        91044 +/-       519 cyc
   KeyGen            29.79 +/-   0.07 us       115250 +/-       262 cyc

 Base path (simplified Dilithium-style, c = H(pk, w, M); no t'):
   Sign             244.70 +/-   7.69 us       946782 +/-     29749 cyc
   Verify            65.37 +/-   0.12 us       253250 +/-       602 cyc

 LAS adaptor path (statement t' folded into the hash, c = H(pk, w+t', M)):
   PreSign          251.77 +/-   4.53 us       977635 +/-     17608 cyc
   PreVerify         64.68 +/-   0.14 us       251142 +/-       533 cyc
   Adapt             67.08 +/-   0.11 us       260469 +/-       434 cyc
   Ext               23.88 +/-   0.04 us        92744 +/-       159 cyc

 Adaptor overhead (adaptor op vs the base op it mirrors; core tier, us):
   PreSign       vs Sign       251.77 vs   244.70   (+2.9%)
   PreVerify     vs Verify      64.68 vs    65.37   (-1.1%)
   Adapt         vs Verify      67.08 vs    65.37   (+2.6%)
   Ext (separate)               23.88            (no base analogue)

--- COMPUTATION, TIER 2: END-TO-END PACKED (byte API: validating unpack ->
    core -> pack INSIDE the call -- the boundary upstream sign.c exposes;
    same repetition scheme and units; Setup has no packed twin) ---

 Shared:
   KeyGen_packed      101.20 +/-   0.16 us       392972 +/-       610 cyc

 Base path (bytes in/out):
   Sign_packed        402.85 +/-   5.98 us      1564307 +/-     23208 cyc
   Verify_packed      108.11 +/-   5.69 us       419779 +/-     22106 cyc

 LAS adaptor path (bytes in/out; las_verify_packed = the on-chain-style entry):
   PreSign_packed     483.28 +/-   6.21 us      1876620 +/-     24137 cyc
   PreVerify_packed   254.39 +/-   9.92 us       987809 +/-     38539 cyc
   Adapt_packed       397.18 +/-   1.51 us      1542320 +/-      5879 cyc
   Ext_packed         281.17 +/-   5.54 us      1093250 +/-     21541 cyc

 Adaptor overhead at the packed boundary (adaptor op vs base op, us):
   PreSign_packed   vs Sign_packed      483.28 vs   402.85   (+20.0%)
   PreVerify_packed vs Verify_packed    254.39 vs   108.11   (+135.3%)
   Adapt_packed     vs Verify_packed    397.18 vs   108.11   (+267.4%)
   Ext_packed (separate)                281.17            (no base analogue)
   NOTE: these packed-boundary overheads fold in EXTRA CODEC WORK, not just
   adaptor math -- PreSign_packed/PreVerify_packed additionally decode the
   pk-sized statement t'; Adapt_packed additionally decodes t' and the witness
   r' and re-packs the adapted signature.  The CORE tier above isolates the
   pure adaptor computation (the headline overhead); the codec-cost table
   below prices the byte boundary itself.

 Codec boundary cost (packed minus core, per op, us -- the price of the
 byte boundary: validating unpack of the inputs + pack of the output;
 differences of independently measured means, so small values sit within
 the SDs above):
   KeyGen_packed    - KeyGen         +71.41   (+239.7%)
   Sign_packed      - Sign          +158.14   ( +64.6%)
   Verify_packed    - Verify         +42.74   ( +65.4%)
   PreSign_packed   - PreSign       +231.51   ( +92.0%)
   PreVerify_packed - PreVerify     +189.71   (+293.3%)
   Adapt_packed     - Adapt         +330.10   (+492.1%)
   Ext_packed       - Ext           +257.28   (+1077.2%)

##########################################################################
# DIAGNOSTICS (secondary; cost-attribution & communication; SAME state)  #
##########################################################################
--- A. REJECTION-SAMPLING DISTRIBUTION (2000 signing calls each;
       attempts read directly from base_attempts / las_attempts) ---
   operation                   avg accept%   min   max   p50   p95
   Base Sign (no t')         2.691   37.2%     1    16     2     7
   LAS PreSign (folds t')    2.756   36.3%     1    21     2     7
   avg = mean attempts/sig; accept% = 1/avg; both schemes reject under
   Fiat-Shamir-with-aborts at the bound gamma-kappa (Base Sign) /
   gamma-kappa-1 (LAS PreSign).
   Run-validity gates below cover the 5 x 500 TIMED sign-class calls of EACH
   tier of the primary table -- the packed sign-class calls wrap the same
   rejection loop -- (same 5-sigma check and line format as the Rust drivers):
rejection gate [Algorithm 1 Sign]: 2500 calls, measured 2.7092 attempts/call (acceptance 36.91%) vs theory 2.7189 (36.78%), 5-sigma tolerance +-0.2162 => OK
rejection gate [Algorithm 2 PreSign]: 2500 calls, measured 2.8096 attempts/call (acceptance 35.59%) vs theory 2.7647 (36.17%), 5-sigma tolerance +-0.2209 => OK
rejection gate [Algorithm 1 Sign (packed tier)]: 2500 calls, measured 2.7004 attempts/call (acceptance 37.03%) vs theory 2.7189 (36.78%), 5-sigma tolerance +-0.2162 => OK
rejection gate [Algorithm 2 PreSign (packed tier)]: 2500 calls, measured 2.7808 attempts/call (acceptance 35.96%) vs theory 2.7647 (36.17%), 5-sigma tolerance +-0.2209 => OK
per-attempt diagnostic (rejection-normalised): Sign 90.3 +/- 2.6 us | PreSign 89.6 +/- 1.9 us | overhead -0.8%

--- B. ADAPT TIMING CLARIFICATION (microseconds, mean +/- SD) ---
   Adapt checked total        67.079 +/-  0.112   (PROTOCOL: las_adapt above, incl. internal PreVerify)
   witness-add only            2.295 +/-  0.014   (DIAGNOSTIC ONLY: z=z_hat+r'; not a protocol op)
   A real Adapt MUST pre-verify first; the witness-add line is a lower bound,
   not a usable operation.  Use 'Adapt checked total' for protocol cost.

--- C. COMMUNICATION (packed bytes; BYTE-LEVEL only, NOT EVM gas) ---
   public key    pk = t                2944
   secret key    sk = r                 512
   statement     Y = t'               2944   (63.4% of the signature; t' has pk size)
   witness       r'                    512   (same packed layout as sk = r)
   challenge     c_tilde                32   (H digest; FIPS 204 lambda/4 for this set)
   response      z (final)            4608   (99.3% of the signature)
   response      z_hat (pre-sig)      4608   (same packed layout as z)
   signature         (c, z)           4640
   pre-signature     (c, z_hat)       4640   (same size as the signature)
   final adapted sig (c, z)           4640   (an ordinary signature)
   commitment    w = A*y            internal computed commitment; hashed into c; not transmitted
   -- protocol-component catalogue (context; what each object is / why counted or not) --
   pp=(A,H)  A' seed                    32   (public params; only this 32-byte seed is transmitted)
   pp=(A,H)  expanded A'             11776   (n*ell polys; DERIVED from the seed, NOT transmitted)
   y (signing mask, S_gamma)         4608   (n+ell polys; INTERNAL, hashed into c via w, NOT transmitted)
   w = A*y (commitment)              2944   (n polys; INTERNAL, hashed into c, NOT transmitted)
   pi (NIZK well-formedness proof)    n/a   (paper-level off-chain proof; NOT implemented / NOT measured)
   tx metadata (addrs/amounts/nonces) excl   (application/ledger layer; EXCLUDED from this accounting)
   atomic-swap payload (byte-level only):
     off-chain   = Y + 2*pre-signature        =  12224   [= t' + 2*(c, z_hat)]
     settlement  = 2*signature                =   9280   [= 2*(c, z)]
     settlement incl. escrowed Y = Y + 2*sig  =  12224
   (EVM/keccak gas for on-chain verification is a separate axis; see evm/.)

--- D. COMPONENT MICROBENCHMARKS (microseconds, mean +/- SD) ---
   Cost-attribution ESTIMATES timing LOCAL COPIES of the inner steps
   (behaviourally identical to las.c) -- NOT the protocol entry points above.
   A-product / commitment w = A*y                         21.377 +/-  0.031
   challenge hash  c = H(pk, w(+t'), M)                   24.725 +/-  0.068
   NTT(s)  (n+ell polys; ONCE PER CALL, hoisted)          11.844 +/-  0.021
   NTT(c)  (one poly; once per attempt / per verify)       1.490 +/-  0.022
   c*r  (one poly; pointwise+invNTT, operands pre-NTT'd)   2.288 +/-  0.010
   c*r  per attempt (NTT(c) + n+ell pointwise+invNTT)     19.892 +/-  0.032
   norm check  |z|inf over n+ell polys                     0.992 +/-  0.015
   w + t'   (n polys)                                      2.227 +/-  0.003
   z_hat + witness r'   (n+ell polys)                      2.295 +/-  0.014
   c*t  per verify (NTT(c) + n x (NTT(t)+pw+invNTT))      16.598 +/-  0.028
   KeyGen/Gen: sample r (n+ell ternary polys)              4.413 +/-  0.031
     (KeyGen = sample r + A*r; A*r is the A-product line above; statement Y gen = KeyGen)
   Ext: s = z - z_hat   (n+ell polys)                      2.377 +/-  0.018
   Ext: A*s   (recompute statement; = an A-product)       21.441 +/-  0.064
   Ext: t' == A*s check   (n polys)                        0.236 +/-  0.004
   note: a full Sign/PreSign attempt applies c*r across N_PLUS_ELL = n+ell = 8
         response polynomials; Verify-style challenge multiplication applies
         c*t across LAS_N = n = 4 public-key polynomials.  NTT hoisting
         follows upstream ref/sign.c: NTT(s) is paid once per CALL (amortised
         over ~e rejection attempts), NTT(c) once per attempt / per verify.

--- E. NORM-MARGIN DIAGNOSTICS (achieved infinity-norm vs the reject bound;
       max over the 2000 sampled accepted signatures from section A) ---
   accepted |z|inf      max    122820   vs accept limit g-k   =    122820   (100.00% of band)
   accepted |z^|inf     max    122819   vs accept limit g-k-1 =    122819   (100.00% of band)
   Interpretation: the RESPONSE z/z^ saturates its band (~100%) -- the bound is
   the binding constraint and is exactly why ~63% of attempts are rejected.
   Contrast the AMHL cumulative WITNESS ||s_j||inf, which is tiny (<=K) vs the
   g-k-K band: that bound is extremely loose (see bench_app, the K-series table).
