==========================================================================
 LAS parameter set: n=8 ell=7 kappa=60 gamma=230400  (d=256, Q=8380417)
   M = n + ell = 15   (dim of sk=r, witness r', mask y, responses z_hat/z)
   paper notation: pp=(A,H)  pk=t  sk=r  statement Y=t'  witness r'
   signing mask y -> commitment w = A*y  (hashed into c; NOT transmitted)
==========================================================================
 Reproducibility: compiler=13.3.0
                  built=Sep  4 2026 13:02:15   git=86fb0fd (final-report-audit)
                  (CPU / OS-WSL / run-date captured per run by
                   scripts/run_fair_benchmarks.sh into metadata.txt)
 5 repetitions x 500 (sign-class) / 1000 (verify-class) iters/op; mean +/- sample SD;
 single thread, -O3.  Repetition scheme, fixed pp seed and fixed 33-byte message
 mirror the Rust driver (rust/fips204-las/examples/bench_levels.rs) exactly.
 Cycles/op via upstream test/cpucycles.{h,c} (rdtsc; invariant-TSC reference
 cycles), read once per repetition window: measured read overhead 1 cycles,
 i.e. ~0.0020 cycles/op at the 500-iteration sign-class loop -- negligible, not
 subtracted.  One setup and one consistent state per run (plus its packed byte
 image for the end-to-end tier); primary protocol timings first, then
 diagnostics from the SAME state (cost-attribution / communication aids).

--- WHAT IS COMPARED (separate base/adaptor modules; matched parameters; shared primitives) ---
 BASE  (simplified Dilithium-style signature; NO adaptor statement t'):
   Sign      c = H(pk, w,      M)        Verify    c == H(pk, w',      M)
 LAS ADAPTOR (same scheme; statement/lock Y=t' folded into the hash):
   PreSign   c = H(pk, w + t', M),  z_hat = y + c*r  (reject |z_hat|inf > gamma-kappa-1)
   PreVerify c == H(pk, w' + t', M)
   Adapt     z = z_hat + r'   (final response z;          reject |z|inf > gamma-kappa)
   Ext       s = z - z_hat   (recovers the witness r')
   Adapted sig clears ordinary Verify without an explicit +t' because
     A(z_hat + r') - c*t = (A*z_hat - c*t) + A*r' = w' + t'   (t' = A*r').
   pi (paper-level off-chain proof of well-formedness) is NOT implemented/measured here.
 Every operation is timed at BOTH API tiers: TIER 1 core crypto (structs in/out,
 pure computation) and TIER 2 end-to-end packed (bytes in/out; validating
 unpack -> core -> pack inside the call, upstream sign.c's boundary).

##########################################################################
# PRIMARY (protocol-level) timings -- the headline adaptor-overhead table #
##########################################################################
--- COMPUTATION, TIER 1: CORE CRYPTO (struct API; pure computation, no codec)
    (per op: microseconds AND cycles, each mean +/- sample SD) ---

 Shared (public params pp=(A,H); KeyGen -> pk=t, sk=r):
   Setup             90.44 +/-   5.93 us       324951 +/-     21306 cyc
   KeyGen            77.26 +/-   0.26 us       277612 +/-       918 cyc

 Base path (simplified Dilithium-style, c = H(pk, w, M); no t'):
   Sign             555.74 +/-  24.57 us      1996874 +/-     88295 cyc
   Verify           152.20 +/-   0.88 us       546882 +/-      3152 cyc

 LAS adaptor path (statement t' folded into the hash, c = H(pk, w+t', M)):
   PreSign          561.04 +/-   6.79 us      2015885 +/-     24391 cyc
   PreVerify        156.19 +/-   0.16 us       561230 +/-       580 cyc
   Adapt            160.75 +/-   0.23 us       577610 +/-       823 cyc
   Ext               66.00 +/-   0.26 us       237140 +/-       928 cyc

 Adaptor overhead (adaptor op vs the base op it mirrors; core tier, us):
   PreSign       vs Sign       561.04 vs   555.74   (+1.0%)
   PreVerify     vs Verify     156.19 vs   152.20   (+2.6%)
   Adapt         vs Verify     160.75 vs   152.20   (+5.6%)
   Ext (separate)               66.00            (no base analogue)

--- COMPUTATION, TIER 2: END-TO-END PACKED (byte API: validating unpack ->
    core -> pack INSIDE the call -- the boundary upstream sign.c exposes;
    same repetition scheme and units; Setup has no packed twin) ---

 Shared:
   KeyGen_packed      235.85 +/-   0.26 us       847462 +/-       927 cyc

 Base path (bytes in/out):
   Sign_packed        927.76 +/-  22.94 us      3333632 +/-     82426 cyc
   Verify_packed      532.08 +/-   0.99 us      1911875 +/-      3546 cyc

 LAS adaptor path (bytes in/out; las_verify_packed = the on-chain-style entry):
   PreSign_packed    1099.20 +/-  19.34 us      3949649 +/-     69482 cyc
   PreVerify_packed   681.91 +/-   0.53 us      2450219 +/-      1887 cyc
   Adapt_packed       919.44 +/-   0.55 us      3303735 +/-      1966 cyc
   Ext_packed         709.17 +/-   1.67 us      2548188 +/-      6008 cyc

 Adaptor overhead at the packed boundary (adaptor op vs base op, us):
   PreSign_packed   vs Sign_packed     1099.20 vs   927.76   (+18.5%)
   PreVerify_packed vs Verify_packed    681.91 vs   532.08   (+28.2%)
   Adapt_packed     vs Verify_packed    919.44 vs   532.08   (+72.8%)
   Ext_packed (separate)                709.17            (no base analogue)
   NOTE: these packed-boundary overheads fold in EXTRA CODEC WORK, not just
   adaptor math -- PreSign_packed/PreVerify_packed additionally decode the
   pk-sized statement t'; Adapt_packed additionally decodes t' and the witness
   r' and re-packs the adapted signature.  The CORE tier above isolates the
   pure adaptor computation (the headline overhead); the codec-cost table
   below prices the byte boundary itself.

 Codec boundary cost (packed minus core, per op, us -- the price of the
 byte boundary: validating unpack of the inputs + pack of the output;
 differences of independently measured means, so small values sit within
 the SDs above):
   KeyGen_packed    - KeyGen        +158.59   (+205.3%)
   Sign_packed      - Sign          +372.02   ( +66.9%)
   Verify_packed    - Verify        +379.88   (+249.6%)
   PreSign_packed   - PreSign       +538.17   ( +95.9%)
   PreVerify_packed - PreVerify     +525.71   (+336.6%)
   Adapt_packed     - Adapt         +758.69   (+472.0%)
   Ext_packed       - Ext           +643.17   (+974.5%)

##########################################################################
# DIAGNOSTICS (secondary; cost-attribution & communication; SAME state)  #
##########################################################################
--- A. REJECTION-SAMPLING DISTRIBUTION (2000 signing calls each;
       attempts read directly from base_attempts / las_attempts) ---
   operation                   avg accept%   min   max   p50   p95
   Base Sign (no t')         2.712   36.9%     1    15     2     7
   LAS PreSign (folds t')    2.822   35.4%     1    19     2     7
   avg = mean attempts/sig; accept% = 1/avg; both schemes reject under
   Fiat-Shamir-with-aborts at the bound gamma-kappa (Base Sign) /
   gamma-kappa-1 (LAS PreSign).
   attempts histogram (k, calls accepted on exactly the k-th attempt,
   out of 2000 calls each):
   histogram k=1 base=741 presign=705
   histogram k=2 base=472 presign=447
   histogram k=3 base=283 presign=322
   histogram k=4 base=176 presign=193
   histogram k=5 base=112 presign=125
   histogram k=6 base=75 presign=77
   histogram k=7 base=60 presign=39
   histogram k=8 base=38 presign=23
   histogram k=9 base=17 presign=26
   histogram k=10 base=8 presign=12
   histogram k=11 base=7 presign=10
   histogram k=12 base=5 presign=6
   histogram k=13 base=4 presign=5
   histogram k=14 base=1 presign=2
   histogram k=15 base=1 presign=0
   histogram k=16 base=0 presign=5
   histogram k=17 base=0 presign=1
   histogram k=18 base=0 presign=1
   histogram k=19 base=0 presign=1
   Run-validity gates below cover the 5 x 500 TIMED sign-class calls of EACH
   tier of the primary table -- the packed sign-class calls wrap the same
   rejection loop -- (same 5-sigma check and line format as the Rust drivers):
rejection gate [Algorithm 1 Sign]: 2500 calls, measured 2.6908 attempts/call (acceptance 37.16%) vs theory 2.7186 (36.78%), 5-sigma tolerance +-0.2162 => OK
rejection gate [Algorithm 2 PreSign]: 2500 calls, measured 2.7056 attempts/call (acceptance 36.96%) vs theory 2.7643 (36.18%), 5-sigma tolerance +-0.2208 => OK
rejection gate [Algorithm 1 Sign (packed tier)]: 2500 calls, measured 2.7096 attempts/call (acceptance 36.91%) vs theory 2.7186 (36.78%), 5-sigma tolerance +-0.2162 => OK
rejection gate [Algorithm 2 PreSign (packed tier)]: 2500 calls, measured 2.7632 attempts/call (acceptance 36.19%) vs theory 2.7643 (36.18%), 5-sigma tolerance +-0.2208 => OK
per-attempt diagnostic (rejection-normalised): Sign 206.5 +/- 4.7 us | PreSign 207.4 +/- 0.6 us | overhead +0.4%

--- B. ADAPT TIMING CLARIFICATION (microseconds, mean +/- SD) ---
   Adapt checked total       160.752 +/-  0.229   (PROTOCOL: las_adapt above, incl. internal PreVerify)
   witness-add only            4.650 +/-  0.014   (DIAGNOSTIC ONLY: z=z_hat+r'; not a protocol op)
   A real Adapt MUST pre-verify first; the witness-add line is a lower bound,
   not a usable operation.  Use 'Adapt checked total' for protocol cost.

--- C. COMMUNICATION (packed bytes; BYTE-LEVEL only, NOT EVM gas) ---
   public key    pk = t                5888
   secret key    sk = r                 960
   statement     Y = t'               5888   (64.1% of the signature; t' has pk size)
   witness       r'                    960   (same packed layout as sk = r)
   challenge     c_tilde                64   (H digest; FIPS 204 lambda/4 for this set)
   response      z (final)            9120   (99.3% of the signature)
   response      z_hat (pre-sig)      9120   (same packed layout as z)
   signature         (c, z)           9184
   pre-signature     (c, z_hat)       9184   (same size as the signature)
   final adapted sig (c, z)           9184   (an ordinary signature)
   commitment    w = A*y            internal computed commitment; hashed into c; not transmitted
   -- protocol-component catalogue (context; what each object is / why counted or not) --
   pp=(A,H)  A' seed                    32   (public params; only this 32-byte seed is transmitted)
   pp=(A,H)  expanded A'             41216   (n*ell polys; DERIVED from the seed, NOT transmitted)
   y (signing mask, S_gamma)         9120   (n+ell polys; INTERNAL, hashed into c via w, NOT transmitted)
   w = A*y (commitment)              5888   (n polys; INTERNAL, hashed into c, NOT transmitted)
   pi (NIZK well-formedness proof)    n/a   (paper-level off-chain proof; NOT implemented / NOT measured)
   tx metadata (addrs/amounts/nonces) excl   (application/ledger layer; EXCLUDED from this accounting)
   atomic-swap payload (byte-level only):
     off-chain   = Y + 2*pre-signature        =  24256   [= t' + 2*(c, z_hat)]
     settlement  = 2*signature                =  18368   [= 2*(c, z)]
     settlement incl. escrowed Y = Y + 2*sig  =  24256
   (EVM/keccak gas for on-chain verification is a separate axis; see evm/.)

--- D. COMPONENT MICROBENCHMARKS (microseconds, mean +/- SD) ---
   Cost-attribution ESTIMATES timing LOCAL COPIES of the inner steps
   (behaviourally identical to las.c) -- NOT the protocol entry points above.
   A-product / commitment w = A*y                         60.882 +/-  0.049
   challenge hash  c = H(pk, w(+t'), M)                   52.851 +/-  0.232
   NTT(s)  (n+ell polys; ONCE PER CALL, hoisted)          26.624 +/-  0.052
   NTT(c)  (one poly; once per attempt / per verify)       1.779 +/-  0.023
   c*r  (one poly; pointwise+invNTT, operands pre-NTT'd)   2.829 +/-  0.012
   c*r  per attempt (NTT(c) + n+ell pointwise+invNTT)     44.227 +/-  0.018
   norm check  |z|inf over n+ell polys                     2.036 +/-  0.006
   w + t'   (n polys)                                      4.811 +/-  0.011
   z_hat + witness r'   (n+ell polys)                      4.650 +/-  0.014
   c*t  per verify (NTT(c) + n x (NTT(t)+pw+invNTT))      38.491 +/-  0.036
   KeyGen/Gen: sample r (n+ell ternary polys)              7.147 +/-  0.015
     (KeyGen = sample r + A*r; A*r is the A-product line above; statement Y gen = KeyGen)
   Ext: s = z - z_hat   (n+ell polys)                      4.632 +/-  0.014
   Ext: A*s   (recompute statement; = an A-product)       60.604 +/-  0.082
   Ext: t' == A*s check   (n polys)                        0.515 +/-  0.009
   note: a full Sign/PreSign attempt applies c*r across N_PLUS_ELL = n+ell = 15
         response polynomials; Verify-style challenge multiplication applies
         c*t across LAS_N = n = 8 public-key polynomials.  NTT hoisting
         follows upstream ref/sign.c: NTT(s) is paid once per CALL (amortised
         over ~e rejection attempts), NTT(c) once per attempt / per verify.

--- E. NORM-MARGIN DIAGNOSTICS (achieved infinity-norm vs the reject bound;
       max over the 2000 sampled accepted signatures from section A) ---
   accepted |z|inf      max    230340   vs accept limit g-k   =    230340   (100.00% of band)
   accepted |z^|inf     max    230339   vs accept limit g-k-1 =    230339   (100.00% of band)
   Interpretation: the RESPONSE z/z^ saturates its band (~100%) -- the bound is
   the binding constraint and is exactly why ~63% of attempts are rejected.
   Contrast the AMHL cumulative WITNESS ||s_j||inf, which is tiny (<=K) vs the
   g-k-K band: that bound is extremely loose (see bench_app, the K-series table).
