==========================================================================
 LAS parameter set: n=4 ell=4 kappa=60 gamma=122880  (N=256, Q=8380417)
   M = n + ell = 8   (dim of sk=r, witness r', mask y_mask, responses z_hat/z)
   paper notation: pp=(A,H)  pk=t  sk=r  statement Y=t'  witness r' (=y_witness)
   signing mask y_mask -> commitment w = A*y_mask  (hashed into c; NOT transmitted)
==========================================================================
 Reproducibility: compiler=13.3.0
                  built=Jun 25 2026 14:11:39   git=ad3448c (main)
                  (CPU / OS-WSL / run-date captured per run by
                   scripts/run_fair_benchmarks.sh into metadata.txt)
 10 runs x 1000 iters/op; mean +/- sample SD; single thread, -O3.
 One setup and one consistent state per run; primary protocol timings first,
 then diagnostics from the SAME state (cost-attribution / communication aids).

--- WHAT IS COMPARED (separate base/adaptor modules; matched parameters; shared primitives) ---
 BASE  (simplified Dilithium-style signature; NO adaptor statement t'):
   Sign      c = H(pk, w,      M)        Verify    c == H(pk, w',      M)
 LAS ADAPTOR (same scheme; statement/lock Y=t' folded into the hash):
   PreSign   c = H(pk, w + t', M),  z_hat = y_mask + c*r  (reject |z_hat|inf > gamma-kappa-1)
   PreVerify c == H(pk, w' + t', M)
   Adapt     z = z_hat + r'   (final response z;          reject |z|inf > gamma-kappa)
   Ext / Extract   s = z - z_hat   (recovers the witness r')
   Adapted sig clears ordinary Verify without an explicit +t' because
     A(z_hat + r') - c*t = (A*z_hat - c*t) + A*r' = w' + t'   (t' = A*r').
   pi (paper-level off-chain proof of well-formedness) is NOT implemented/measured here.

##########################################################################
# PRIMARY (protocol-level) timings -- the headline adaptor-overhead table #
##########################################################################
--- COMPUTATION (microseconds, mean +/- sample SD) ---

 Shared (public params pp=(A,H); KeyGen -> pk=t, sk=r):
   Setup             59.03 +/-   4.58
   KeyGen            75.24 +/-   3.00

 Base path (simplified Dilithium-style, c = H(pk, w, M); no t'):
   Sign             742.60 +/-  30.73
   Verify           186.99 +/-   9.35

 LAS adaptor path (statement t' folded into the hash, c = H(pk, w+t', M)):
   PreSign          785.84 +/-  47.23
   PreVerify        184.17 +/-   4.04
   Adapt            189.11 +/-   3.21
   Ext / Extract     60.90 +/-   1.39

 Adaptor overhead (adaptor op vs the base op it mirrors):
   PreSign       vs Sign       785.84 vs   742.60   (+5.8%)
   PreVerify     vs Verify     184.17 vs   186.99   (-1.5%)
   Adapt         vs Verify     189.11 vs   186.99   (+1.1%)
   Ext / Extract (separate)     60.90            (no base analogue)

##########################################################################
# DIAGNOSTICS (secondary; cost-attribution & communication; SAME state)  #
##########################################################################
--- A. REJECTION-SAMPLING DISTRIBUTION (2000 signing calls each;
       attempts read directly from base_attempts / las_attempts) ---
   operation                   avg accept%   min   max   p50   p95
   Base Sign (no t')         2.683   37.3%     1    20     2     7
   LAS PreSign (folds t')    2.848   35.1%     1    17     2     7
   avg = mean attempts/sig; accept% = 1/avg; both schemes reject under
   Fiat-Shamir-with-aborts at the bound gamma-kappa (Base Sign) /
   gamma-kappa-1 (LAS PreSign).

--- B. ADAPT TIMING CLARIFICATION (microseconds, mean +/- SD) ---
   Adapt checked total       189.114 +/-  3.210   (PROTOCOL: las_adapt above, incl. internal PreVerify)
   witness-add only            5.610 +/-  0.039   (DIAGNOSTIC ONLY: z=z_hat+r'; not a protocol op)
   A real Adapt MUST pre-verify first; the witness-add line is a lower bound,
   not a usable operation.  Use 'Adapt checked total' for protocol cost.

--- C. COMMUNICATION (packed bytes; BYTE-LEVEL only, NOT EVM gas) ---
   public key    pk = t                2944
   secret key    sk = r                 512
   statement     Y = t'               2944   (63.0% of the signature; t' has pk size)
   witness       r' = y_witness        512   (same packed layout as sk = r)
   challenge     c                      64
   response      z (final)            4608   (98.6% of the signature)
   response      z_hat (pre-sig)      4608   (same packed layout as z)
   signature         (c, z)           4672
   pre-signature     (c, z_hat)       4672   (same size as the signature)
   final adapted sig (c, z)           4672   (an ordinary signature)
   commitment    w = A*y_mask       internal computed commitment; hashed into c; not transmitted
   atomic-swap payload (byte-level only):
     off-chain   = Y + 2*pre-signature        =  12288   [= t' + 2*(c, z_hat)]
     settlement  = 2*signature                =   9344   [= 2*(c, z)]
     settlement incl. escrowed Y = Y + 2*sig  =  12288
   (EVM/keccak gas for on-chain verification is a separate axis; see evm/.)

--- D. COMPONENT MICROBENCHMARKS (microseconds, mean +/- SD) ---
   Cost-attribution ESTIMATES timing LOCAL COPIES of the inner steps
   (behaviourally identical to las.c) -- NOT the protocol entry points above.
   A-product / commitment w = A*y_mask                    53.333 +/-  0.687
   challenge hash  c = H(pk, w(+t'), M)                   65.421 +/-  2.136
   c*r  (one response polynomial; c is sparse)            14.928 +/-  1.802
   c*r  (all LAS_M response polynomials)                 112.750 +/-  7.333
   norm check  |z|inf over n+ell polys                     2.461 +/-  0.034
   w + t'   (n polys)                                      5.454 +/-  0.032
   z_hat + witness r'   (n+ell polys)                      5.610 +/-  0.039
   note: a full Sign/PreSign attempt applies c*r across LAS_M = n+ell = 8
         response polynomials; Verify-style challenge multiplication applies
         c*t across LAS_N = n = 4 public-key polynomials.
