=== Adaptor cost: NIST ML-DSA vs the LAS paper's simplified Dilithium ===
build: commit aa71cbf branch report | ML-DSA-87 vs Simplified Dilithium-V (n=8, l=7, kappa=60)
protocol: 5 repetitions x 500 (sign-class) / 1000 (verify-class) iterations, mean +/- SD, same process

--- run-validity gates (a failure invalidates every timing above) ---
rejection gate [simplified Dilithium: Algorithm 1 Sign]: 2500 calls, measured 2.7404 attempts/call (acceptance 36.49%) vs exact theory 2.7186 (36.78%), 5-sigma tolerance +-0.2162 => OK
rejection gate [simplified Dilithium: Algorithm 2 PreSign]: 2500 calls, measured 2.7952 attempts/call (acceptance 35.78%) vs exact theory 2.7643 (36.18%), 5-sigma tolerance +-0.2208 => OK
rejection gate [ML-DSA: Sign (matched, no statement)]: 2500 calls, measured 3.9128 attempts/call (acceptance 25.56%) vs FIPS 204 published 3.8500 (25.97%), 5-sigma tolerance +-0.3312 => OK
rejection gate [ML-DSA: PreSign (adaptor)]: 2500 calls, measured 3.9624 attempts/call (acceptance 25.24%) vs FIPS 204 published 3.8500 (25.97%), 5-sigma tolerance +-0.3312 => OK

--- per-operation timing (us/op, mean +/- SD over 5 repetitions) ---
  operation  Simplified Dilithium-V              ML-DSA-87 ML-DSA/simp
  KeyGen              75.22 +/- 10.49         165.60 +/-  1.01      2.20x
  Sign               522.04 +/- 15.36         592.28 +/-  6.56      1.13x
  Verify             141.47 +/-  0.76         178.87 +/-  1.10      1.26x
  PreSign            547.17 +/- 11.00         626.01 +/- 29.37      1.14x
  PreVerify          148.53 +/-  2.62         183.44 +/-  5.59      1.24x
  Adapt              152.80 +/-  1.48         187.69 +/-  0.65      1.23x
  Extract             58.65 +/-  0.15         154.45 +/-  2.65      2.63x
  (ML-DSA Sign row is the MATCHED partner; stock crypto_sign_signature
   measured 588.90 +/- 22.40 us in the same run)

--- sign-class cost per ATTEMPT (rejection luck divided out) ---
                               Simplified Dilithium-V            ML-DSA-87
  Sign, us/attempt                    190.51 +/-  0.56      151.38 +/-  1.30
  PreSign, us/attempt                 195.76 +/-  0.79      157.92 +/-  4.21

--- adaptor overhead WITHIN each construction (the primary comparison) ---
  pair                         Simplified Dilithium-V            ML-DSA-87
  PreSign vs Sign (per attempt)                     2.8%                 4.3%
  PreVerify vs Verify                            5.0%                 2.6%
  Adapt vs Verify                                8.0%                 4.9%
  PreSign vs Sign (per call)                     4.8%                 5.7%
  (Extract has no basic analogue in either construction. The per-attempt
   PreSign figure is the algorithmic one; the per-call figure additionally
   carries the difference in realised restart counts, which is why the two
   can disagree in sign at this sample size.)

--- rejection sampling (counted directly, never inferred) ---
                               Simplified Dilithium-V            ML-DSA-87
  attempts/Sign                                2.7404               3.9128
  attempts/PreSign                             2.7952               3.9624

--- communication (bytes on the wire) ---
  object                       Simplified Dilithium-V            ML-DSA-87      ratio
  public key                                     5888                 2592      0.44x
  signature                                      9184                 4627      0.50x
  pre-signature                                  9184                 4627      0.50x
  statement Y                                    5888                 5888      1.00x
  witness                                         960                  672      0.70x
  swap payload (sig + Y)                        15072                10515      0.70x

NOTE: this is a COST comparison between two engineering routes to the
same adaptor functionality. It is NOT a security comparison: the two
constructions have different parameters and different security
arguments, and neither is analysed here (out of scope).

OK: rejection gates, attempt-counter checks and success-path
    assertions all passed. Caveat: the two constructions are measured
    sequentially within one process, so intra-run drift is not
    controlled for.
