{
  "claimed_value_sat": 100001000,
  "core_helpers_used": [
    "test_framework.address.output_key_to_p2tr",
    "test_framework.key.ECKey",
    "test_framework.key.compute_xonly_pubkey",
    "test_framework.key.sign_schnorr",
    "test_framework.messages.COutPoint",
    "test_framework.messages.CTransaction",
    "test_framework.messages.CTxIn",
    "test_framework.messages.CTxInWitness",
    "test_framework.messages.CTxOut",
    "test_framework.script.CScript",
    "test_framework.script.CScriptOp",
    "test_framework.script.LEAF_VERSION_TAPSCRIPT",
    "test_framework.script.OP_1",
    "test_framework.script.OP_CHECKSIG",
    "test_framework.script.OP_DROP",
    "test_framework.script.TaprootSignatureHash",
    "test_framework.script.taproot_construct"
  ],
  "dest_spk_hex": "5120fbbb2c13581a9d4820feddc3cfc316a44e821dfe2342fcaf98f2d76f1a6ce4c4",
  "mutate": "wrong_prevout_amt",
  "pays_self": true,
  "sighash": "d2b377a599d9ea629c4abaca79e0675c8f9b1b68fe3c923eedcc8c85e97c3492"
}
