    Finished `release` profile [optimized] target(s) in 0.07s
     Running `target/release/examples/bench_levels`
=== LAS Stage-1 benchmark (Rust port) ===
ordinary lattice-based signature (Algorithm 1, las_basesig.rs)
vs LAS adaptor signature (Algorithm 2, las.rs)
parameter set: Simplified Dilithium-III engineering setting (n=6, ell=5, kappa=49, gamma=137984)
packed sizes: public key 4416 B | secret key / witness 704 B | signature 6752 B (ordinary = pre-signature = adapted)
protocol: 5 repetitions, 500 iterations/sign-class op, 1000 iterations/verify-class op, mean +/- SD; success-path contract gated
build: cargo --release (upstream profile: opt-level="s", lto)

operation                                 mean (us)    SD (us)
Algorithm 1  KeyGen                            46.1        0.4
Algorithm 1  Sign                             474.2       10.1
Algorithm 1  Verify                            95.2        1.4
Algorithm 2  PreSign                          494.5        6.7
Algorithm 2  PreVerify                         96.0        1.1
Algorithm 2  Adapt (incl. PreVerify)           98.2        1.2
Algorithm 2  Extract                           34.2        0.4

adaptor overhead (per operation): PreSign vs Sign +4.3% | PreVerify vs Verify +0.8% | Adapt vs Verify +3.2%
rejection sampling (measured via attempt counters): base 2.68 attempts/signature (acceptance 37.4%) | adaptor 2.77 attempts/pre-signature (acceptance 36.2%)
rejection gate [Algorithm 1 Sign]: 2500 calls, measured 2.6772 attempts/call (acceptance 37.35%) vs theory 2.7188 (36.78%), 5-sigma tolerance +-0.2162 => OK
rejection gate [Algorithm 2 PreSign]: 2500 calls, measured 2.7652 attempts/call (acceptance 36.16%) vs theory 2.7748 (36.04%), 5-sigma tolerance +-0.2219 => OK
per-attempt diagnostic (rejection-normalised): Sign 177.1 +/- 0.6 us | PreSign 178.8 +/- 1.6 us | overhead +1.0%
contract (asserted before timing): ordinary verifies; pre-signature FAILS the ordinary verifier; adapted passes the independent base verifier; Ext recovers the witness exactly
