    Finished `bench` profile [optimized + debuginfo] target(s) in 0.04s
     Running benches/las_bench.rs (target/release/deps/las_bench-07ba379aac4912af)
Benchmarking Algorithm 1 - ordinary lattice-based signature/KeyGen
Benchmarking Algorithm 1 - ordinary lattice-based signature/KeyGen: Warming up for 3.0000 s
Benchmarking Algorithm 1 - ordinary lattice-based signature/KeyGen: Collecting 300 samples in estimated 61.449 s (1.7M iterations)
Benchmarking Algorithm 1 - ordinary lattice-based signature/KeyGen: Analyzing
Algorithm 1 - ordinary lattice-based signature/KeyGen
                        time:   [36.647 µs 36.679 µs 36.718 µs]
                        change: [−7.2085% −6.8742% −6.5513%] (p = 0.00 < 0.05)
                        Performance has improved.
Found 27 outliers among 300 measurements (9.00%)
  16 (5.33%) high mild
  11 (3.67%) high severe
Benchmarking Algorithm 1 - ordinary lattice-based signature/Sign
Benchmarking Algorithm 1 - ordinary lattice-based signature/Sign: Warming up for 3.0000 s
Benchmarking Algorithm 1 - ordinary lattice-based signature/Sign: Collecting 300 samples in estimated 75.375 s (181k iterations)
Benchmarking Algorithm 1 - ordinary lattice-based signature/Sign: Analyzing
Algorithm 1 - ordinary lattice-based signature/Sign
                        time:   [416.85 µs 418.53 µs 420.31 µs]
                        change: [−6.7763% −5.9367% −4.9614%] (p = 0.00 < 0.05)
                        Performance has improved.
Found 17 outliers among 300 measurements (5.67%)
  1 (0.33%) low severe
  4 (1.33%) low mild
  6 (2.00%) high mild
  6 (2.00%) high severe
Benchmarking Algorithm 1 - ordinary lattice-based signature/Verify
Benchmarking Algorithm 1 - ordinary lattice-based signature/Verify: Warming up for 3.0000 s
Benchmarking Algorithm 1 - ordinary lattice-based signature/Verify: Collecting 300 samples in estimated 61.652 s (813k iterations)
Benchmarking Algorithm 1 - ordinary lattice-based signature/Verify: Analyzing
Algorithm 1 - ordinary lattice-based signature/Verify
                        time:   [75.897 µs 75.975 µs 76.068 µs]
                        change: [−5.4943% −5.1573% −4.8680%] (p = 0.00 < 0.05)
                        Performance has improved.
Found 14 outliers among 300 measurements (4.67%)
  9 (3.00%) high mild
  5 (1.67%) high severe

rejection gate [Algorithm 1 Sign]: 188791 calls, measured 2.7357 attempts/call (acceptance 36.55%) vs theory 2.7188 (36.78%), 5-sigma tolerance +-0.0249 => OK
Benchmarking Algorithm 2 - LAS adaptor signature/PreSign
Benchmarking Algorithm 2 - LAS adaptor signature/PreSign: Warming up for 3.0000 s
Benchmarking Algorithm 2 - LAS adaptor signature/PreSign: Collecting 300 samples in estimated 77.311 s (181k iterations)
Benchmarking Algorithm 2 - LAS adaptor signature/PreSign: Analyzing
Algorithm 2 - LAS adaptor signature/PreSign
                        time:   [421.73 µs 423.15 µs 424.62 µs]
                        change: [−6.7520% −5.9064% −5.0683%] (p = 0.00 < 0.05)
                        Performance has improved.
Found 20 outliers among 300 measurements (6.67%)
  4 (1.33%) low severe
  7 (2.33%) low mild
  6 (2.00%) high mild
  3 (1.00%) high severe
Benchmarking Algorithm 2 - LAS adaptor signature/PreVerify
Benchmarking Algorithm 2 - LAS adaptor signature/PreVerify: Warming up for 3.0000 s
Benchmarking Algorithm 2 - LAS adaptor signature/PreVerify: Collecting 300 samples in estimated 62.384 s (813k iterations)
Benchmarking Algorithm 2 - LAS adaptor signature/PreVerify: Analyzing
Algorithm 2 - LAS adaptor signature/PreVerify
                        time:   [76.590 µs 76.637 µs 76.690 µs]
                        change: [−5.0237% −4.8454% −4.6737%] (p = 0.00 < 0.05)
                        Performance has improved.
Found 22 outliers among 300 measurements (7.33%)
  1 (0.33%) low mild
  13 (4.33%) high mild
  8 (2.67%) high severe
Benchmarking Algorithm 2 - LAS adaptor signature/Adapt (including its internal PreVerify)
Benchmarking Algorithm 2 - LAS adaptor signature/Adapt (including its internal PreVerify): Warming up for 3.0000 s
Benchmarking Algorithm 2 - LAS adaptor signature/Adapt (including its internal PreVerify): Collecting 300 samples in estimated 63.447 s (813k iterations)
Benchmarking Algorithm 2 - LAS adaptor signature/Adapt (including its internal PreVerify): Analyzing
Algorithm 2 - LAS adaptor signature/Adapt (including its internal PreVerify)
                        time:   [78.059 µs 78.139 µs 78.232 µs]
                        change: [−6.4230% −6.0165% −5.6448%] (p = 0.00 < 0.05)
                        Performance has improved.
Found 28 outliers among 300 measurements (9.33%)
  20 (6.67%) high mild
  8 (2.67%) high severe
Benchmarking Algorithm 2 - LAS adaptor signature/Extract
Benchmarking Algorithm 2 - LAS adaptor signature/Extract: Warming up for 3.0000 s
Benchmarking Algorithm 2 - LAS adaptor signature/Extract: Collecting 300 samples in estimated 60.209 s (2.3M iterations)
Benchmarking Algorithm 2 - LAS adaptor signature/Extract: Analyzing
Algorithm 2 - LAS adaptor signature/Extract
                        time:   [25.650 µs 25.678 µs 25.708 µs]
                        change: [−7.1540% −6.4508% −5.8258%] (p = 0.00 < 0.05)
                        Performance has improved.
Found 11 outliers among 300 measurements (3.67%)
  9 (3.00%) high mild
  2 (0.67%) high severe

rejection gate [Algorithm 2 PreSign]: 188791 calls, measured 2.7669 attempts/call (acceptance 36.14%) vs theory 2.7748 (36.04%), 5-sigma tolerance +-0.0255 => OK
