   Compiling fips204 v0.4.6 (/home/melly/dilithium-msc-project/rust/fips204-las)
    Finished `release` profile [optimized] target(s) in 4.66s
     Running `target/release/examples/size_report`
Communication cost — component-level packed sizes (measured)
Setting: Simplified Dilithium-III (n=6, ell=5, kappa=49), ring degree d=256
Wire format: serialize.rs (byte-for-byte identical to C ref/serialize.c;
             cross-checked against the C pinned KAT digest bb6ad0da…260c)

component                                    bytes   % of signature
public key pk = t                             4416           65.71%
secret key sk = r                              704           10.48%
statement Y = t' (adaptor lock)               4416           65.71%
witness r'                                     704           10.48%
challenge c_tilde (H digest)                    32            0.48%
response z                                    6688           99.52%
response z_hat (in pre-signature)             6688           99.52%
signature (c, z)                              6720          100.00%
pre-signature (c, z_hat)                      6720          100.00%
adapted signature (c, z)                      6720          100.00%

Finding: the response z drives the size (6688 of 6720 B = 99.52%);
the challenge c_tilde is negligible (32 B = 0.48%).
Signature, pre-signature and adapted signature are byte-identical in size:
Adapt only adds the ternary witness (|y|_inf <= 1) to z_hat, so |z|_inf grows
by at most 1 and stays inside the same 19-bit packed field.
The only extra object the adaptor protocol communicates is the statement Y
(4416 B = one public key).

ALL SIZE CHECKS PASSED (constants, C evidence row L3, sig==presig==adapted)
