\BOOKMARK [0][-]{chapter*.4}{\376\377\000A\000b\000s\000t\000r\000a\000c\000t}{}% 1
\BOOKMARK [0][-]{chapter*.5}{\376\377\000D\000e\000c\000l\000a\000r\000a\000t\000i\000o\000n}{}% 2
\BOOKMARK [0][-]{chapter*.6}{\376\377\000C\000o\000p\000y\000r\000i\000g\000h\000t}{}% 3
\BOOKMARK [0][-]{chapter*.7}{\376\377\000S\000t\000a\000t\000e\000m\000e\000n\000t\000\040\000o\000f\000\040\000q\000u\000a\000l\000i\000f\000i\000c\000a\000t\000i\000o\000n\000s\000\040\000a\000n\000d\000\040\000r\000e\000s\000e\000a\000r\000c\000h}{}% 4
\BOOKMARK [0][-]{chapter*.8}{\376\377\000A\000c\000k\000n\000o\000w\000l\000e\000d\000g\000e\000m\000e\000n\000t\000s}{}% 5
\BOOKMARK [0][-]{chapter.1}{\376\377\000I\000n\000t\000r\000o\000d\000u\000c\000t\000i\000o\000n}{}% 6
\BOOKMARK [1][-]{section.1.1}{\376\377\000C\000o\000n\000t\000e\000x\000t\000\040\000a\000n\000d\000\040\000m\000o\000t\000i\000v\000a\000t\000i\000o\000n}{chapter.1}% 7
\BOOKMARK [1][-]{section.1.2}{\376\377\000S\000u\000b\000j\000e\000c\000t\000\040\000a\000r\000e\000a\000\040\000a\000n\000d\000\040\000r\000e\000l\000a\000t\000e\000d\000\040\000w\000o\000r\000k}{chapter.1}% 8
\BOOKMARK [1][-]{section.1.3}{\376\377\000A\000i\000m\000\040\000a\000n\000d\000\040\000o\000b\000j\000e\000c\000t\000i\000v\000e\000s}{chapter.1}% 9
\BOOKMARK [1][-]{section.1.4}{\376\377\000C\000o\000n\000t\000r\000i\000b\000u\000t\000i\000o\000n\000s}{chapter.1}% 10
\BOOKMARK [1][-]{section.1.5}{\376\377\000D\000i\000s\000s\000e\000r\000t\000a\000t\000i\000o\000n\000\040\000s\000t\000r\000u\000c\000t\000u\000r\000e}{chapter.1}% 11
\BOOKMARK [0][-]{chapter.2}{\376\377\000M\000e\000t\000h\000o\000d\000o\000l\000o\000g\000y}{}% 12
\BOOKMARK [1][-]{section.2.1}{\376\377\000T\000h\000e\000\040\000L\000A\000S\000\040\000c\000o\000n\000s\000t\000r\000u\000c\000t\000i\000o\000n}{chapter.2}% 13
\BOOKMARK [1][-]{section.2.2}{\376\377\000I\000m\000p\000l\000e\000m\000e\000n\000t\000a\000t\000i\000o\000n\000\040\000s\000t\000r\000a\000t\000e\000g\000y\000:\000\040\000r\000e\000u\000s\000e\000,\000\040\000d\000o\000\040\000n\000o\000t\000\040\000r\000e\000i\000n\000v\000e\000n\000t}{chapter.2}% 14
\BOOKMARK [1][-]{section.2.3}{\376\377\000S\000e\000r\000i\000a\000l\000i\000z\000a\000t\000i\000o\000n\000\040\000a\000n\000d\000\040\000t\000h\000e\000\040\000o\000n\000-\000c\000h\000a\000i\000n\000\040\000i\000n\000t\000e\000r\000f\000a\000c\000e}{chapter.2}% 15
\BOOKMARK [1][-]{section.2.4}{\376\377\000T\000e\000s\000t\000i\000n\000g\000\040\000m\000e\000t\000h\000o\000d\000o\000l\000o\000g\000y}{chapter.2}% 16
\BOOKMARK [1][-]{section.2.5}{\376\377\000A\000n\000\040\000i\000n\000d\000e\000p\000e\000n\000d\000e\000n\000t\000\040\000s\000e\000c\000o\000n\000d\000\040\000i\000m\000p\000l\000e\000m\000e\000n\000t\000a\000t\000i\000o\000n\000:\000\040\000t\000h\000e\000\040\000R\000u\000s\000t\000\040\000p\000o\000r\000t}{chapter.2}% 17
\BOOKMARK [1][-]{section.2.6}{\376\377\000B\000e\000n\000c\000h\000m\000a\000r\000k\000i\000n\000g\000\040\000m\000e\000t\000h\000o\000d\000o\000l\000o\000g\000y\000\040\000a\000n\000d\000\040\000f\000a\000i\000r\000\040\000c\000o\000m\000p\000a\000r\000i\000s\000o\000n}{chapter.2}% 18
\BOOKMARK [1][-]{section.2.7}{\376\377\000A\000p\000p\000l\000i\000c\000a\000t\000i\000o\000n\000\040\000m\000e\000t\000h\000o\000d\000o\000l\000o\000g\000y\000:\000\040\000t\000h\000e\000\040\000U\000T\000X\000O\000\040\000s\000w\000a\000p\000\040\000s\000t\000u\000d\000y}{chapter.2}% 19
\BOOKMARK [0][-]{chapter.3}{\376\377\000R\000e\000s\000u\000l\000t\000s\000\040\000a\000n\000d\000\040\000d\000i\000s\000c\000u\000s\000s\000i\000o\000n}{}% 20
\BOOKMARK [1][-]{section.3.1}{\376\377\000C\000o\000r\000r\000e\000c\000t\000n\000e\000s\000s\000\040\000a\000n\000d\000\040\000r\000o\000b\000u\000s\000t\000n\000e\000s\000s}{chapter.3}% 21
\BOOKMARK [1][-]{section.3.2}{\376\377\000C\000o\000m\000p\000u\000t\000a\000t\000i\000o\000n\000\040\000c\000o\000s\000t}{chapter.3}% 22
\BOOKMARK [1][-]{section.3.3}{\376\377\000C\000r\000o\000s\000s\000-\000i\000m\000p\000l\000e\000m\000e\000n\000t\000a\000t\000i\000o\000n\000\040\000c\000h\000e\000c\000k\000:\000\040\000C\000\040\000i\000m\000p\000l\000e\000m\000e\000n\000t\000a\000t\000i\000o\000n\000\040\000v\000e\000r\000s\000u\000s\000\040\000R\000u\000s\000t\000\040\000p\000o\000r\000t}{chapter.3}% 23
\BOOKMARK [1][-]{section.3.4}{\376\377\000C\000o\000m\000m\000u\000n\000i\000c\000a\000t\000i\000o\000n\000\040\000c\000o\000s\000t\000\040\000a\000n\000d\000\040\000c\000o\000m\000p\000o\000n\000e\000n\000t\000\040\000b\000r\000e\000a\000k\000d\000o\000w\000n}{chapter.3}% 24
\BOOKMARK [2][-]{subsection.3.4.1}{\376\377\000T\000h\000e\000\040\000p\000r\000i\000c\000e\000\040\000o\000f\000\040\000p\000o\000s\000t\000-\000q\000u\000a\000n\000t\000u\000m\000:\000\040\000c\000l\000a\000s\000s\000i\000c\000a\000l\000\040\000a\000d\000a\000p\000t\000o\000r\000\040\000b\000a\000s\000e\000l\000i\000n\000e}{section.3.4}% 25
\BOOKMARK [1][-]{section.3.5}{\376\377\000T\000e\000s\000t\000i\000n\000g\000\040\000t\000h\000e\000\040\000s\000i\000m\000p\000l\000i\000f\000i\000c\000a\000t\000i\000o\000n\000:\000\040\000t\000h\000e\000\040\000a\000d\000a\000p\000t\000o\000r\000\040\000o\000n\000\040\000u\000n\000m\000o\000d\000i\000f\000i\000e\000d\000\040\000M\000L\000-\000D\000S\000A}{chapter.3}% 26
\BOOKMARK [1][-]{section.3.6}{\376\377\000U\000T\000X\000O\000\040\000s\000w\000a\000p\000\040\000e\000x\000e\000c\000u\000t\000i\000o\000n\000\040\000r\000e\000s\000u\000l\000t}{chapter.3}% 27
\BOOKMARK [1][-]{section.3.7}{\376\377\000T\000h\000e\000\040\000s\000w\000a\000p\000\040\000o\000n\000\040\000a\000\040\000U\000T\000X\000O\000\040\000c\000h\000a\000i\000n\000:\000\040\000t\000h\000r\000e\000e\000\040\000c\000o\000n\000f\000i\000g\000u\000r\000a\000t\000i\000o\000n\000s\000\040\000c\000o\000m\000p\000a\000r\000e\000d}{chapter.3}% 28
\BOOKMARK [1][-]{section.3.8}{\376\377\000T\000r\000a\000n\000s\000a\000c\000t\000i\000o\000n\000\040\000s\000t\000r\000u\000c\000t\000u\000r\000e\000\040\000a\000n\000d\000\040\000w\000h\000a\000t\000\040\000a\000\040\000U\000T\000X\000O\000\040\000c\000h\000a\000i\000n\000\040\000w\000o\000u\000l\000d\000\040\000c\000h\000a\000r\000g\000e}{chapter.3}% 29
\BOOKMARK [1][-]{section.3.9}{\376\377\000E\000V\000M\000\040\000v\000e\000r\000i\000f\000i\000c\000a\000t\000i\000o\000n\000\040\000a\000s\000\040\000a\000\040\000s\000e\000p\000a\000r\000a\000t\000e\000\040\000v\000e\000n\000u\000e\000\040\000c\000h\000e\000c\000k}{chapter.3}% 30
\BOOKMARK [1][-]{section.3.10}{\376\377\000T\000h\000r\000e\000a\000t\000s\000\040\000t\000o\000\040\000v\000a\000l\000i\000d\000i\000t\000y}{chapter.3}% 31
\BOOKMARK [0][-]{chapter.4}{\376\377\000E\000v\000a\000l\000u\000a\000t\000i\000o\000n}{}% 32
\BOOKMARK [1][-]{section.4.1}{\376\377\000E\000v\000a\000l\000u\000a\000t\000i\000o\000n\000\040\000s\000t\000r\000a\000t\000e\000g\000y\000\040\000a\000n\000d\000\040\000i\000t\000s\000\040\000j\000u\000s\000t\000i\000f\000i\000c\000a\000t\000i\000o\000n}{chapter.4}% 33
\BOOKMARK [1][-]{section.4.2}{\376\377\000A\000c\000h\000i\000e\000v\000e\000m\000e\000n\000t\000\040\000o\000f\000\040\000t\000h\000e\000\040\000o\000b\000j\000e\000c\000t\000i\000v\000e\000s}{chapter.4}% 34
\BOOKMARK [1][-]{section.4.3}{\376\377\000I\000m\000p\000l\000e\000m\000e\000n\000t\000a\000t\000i\000o\000n\000\040\000c\000h\000a\000l\000l\000e\000n\000g\000e\000s}{chapter.4}% 35
\BOOKMARK [1][-]{section.4.4}{\376\377\000L\000i\000m\000i\000t\000a\000t\000i\000o\000n\000s}{chapter.4}% 36
\BOOKMARK [0][-]{chapter.5}{\376\377\000C\000o\000n\000c\000l\000u\000s\000i\000o\000n\000\040\000a\000n\000d\000\040\000f\000u\000t\000u\000r\000e\000\040\000w\000o\000r\000k}{}% 37
\BOOKMARK [1][-]{section.5.1}{\376\377\000C\000o\000n\000c\000l\000u\000s\000i\000o\000n\000s}{chapter.5}% 38
\BOOKMARK [1][-]{section.5.2}{\376\377\000C\000r\000i\000t\000i\000c\000a\000l\000\040\000r\000e\000f\000l\000e\000c\000t\000i\000o\000n}{chapter.5}% 39
\BOOKMARK [2][-]{subsection.5.2.1}{\376\377\000W\000h\000a\000t\000\040\000w\000a\000s\000\040\000a\000c\000h\000i\000e\000v\000e\000d}{section.5.2}% 40
\BOOKMARK [2][-]{subsection.5.2.2}{\376\377\000W\000h\000a\000t\000\040\000f\000e\000l\000l\000\040\000s\000h\000o\000r\000t}{section.5.2}% 41
\BOOKMARK [2][-]{subsection.5.2.3}{\376\377\000W\000h\000a\000t\000\040\000w\000o\000u\000l\000d\000\040\000b\000e\000\040\000d\000o\000n\000e\000\040\000d\000i\000f\000f\000e\000r\000e\000n\000t\000l\000y}{section.5.2}% 42
\BOOKMARK [1][-]{section.5.3}{\376\377\000F\000u\000t\000u\000r\000e\000\040\000w\000o\000r\000k}{chapter.5}% 43
\BOOKMARK [0][-]{appendix.A}{\376\377\000S\000u\000p\000p\000o\000r\000t\000i\000n\000g\000\040\000e\000v\000i\000d\000e\000n\000c\000e\000\040\000a\000n\000d\000\040\000r\000e\000p\000r\000o\000d\000u\000c\000i\000b\000i\000l\000i\000t\000y}{}% 44
\BOOKMARK [1][-]{section.A.1}{\376\377\000B\000u\000i\000l\000d\000i\000n\000g\000\040\000a\000n\000d\000\040\000r\000e\000p\000r\000o\000d\000u\000c\000i\000n\000g\000\040\000t\000h\000e\000\040\000b\000e\000n\000c\000h\000m\000a\000r\000k\000s}{appendix.A}% 45
\BOOKMARK [1][-]{section.A.2}{\376\377\000T\000h\000e\000\040\000t\000i\000m\000i\000n\000g\000-\000b\000e\000n\000c\000h\000m\000a\000r\000k\000\040\000p\000r\000o\000c\000e\000d\000u\000r\000e}{appendix.A}% 46
\BOOKMARK [1][-]{section.A.3}{\376\377\000M\000e\000t\000h\000o\000d\000o\000l\000o\000g\000y\000\040\000d\000e\000t\000a\000i\000l\000s}{appendix.A}% 47
\BOOKMARK [1][-]{section.A.4}{\376\377\000T\000h\000e\000\040\000m\000o\000d\000e\000l\000l\000e\000d\000\040\000U\000T\000X\000O\000\040\000l\000e\000d\000g\000e\000r}{appendix.A}% 48
\BOOKMARK [1][-]{section.A.5}{\376\377\000W\000i\000r\000e\000\040\000e\000n\000c\000o\000d\000i\000n\000g\000\040\000a\000n\000d\000\040\000t\000h\000e\000\040\000t\000y\000p\000e\000d\000\040\000c\000o\000d\000e\000c}{appendix.A}% 49
\BOOKMARK [1][-]{section.A.6}{\376\377\000T\000h\000e\000\040\000a\000t\000o\000m\000i\000c\000-\000s\000w\000a\000p\000\040\000d\000e\000m\000o\000n\000s\000t\000r\000a\000t\000i\000o\000n\000\040\000a\000n\000d\000\040\000i\000t\000s\000\040\000p\000r\000o\000o\000f\000\040\000o\000f\000\040\000k\000n\000o\000w\000l\000e\000d\000g\000e}{appendix.A}% 50
\BOOKMARK [1][-]{section.A.7}{\376\377\000T\000h\000e\000\040\000s\000i\000x\000\040\000i\000m\000p\000l\000e\000m\000e\000n\000t\000a\000t\000i\000o\000n\000\040\000c\000h\000a\000l\000l\000e\000n\000g\000e\000s}{appendix.A}% 51
\BOOKMARK [1][-]{section.A.8}{\376\377\000T\000e\000s\000t\000\040\000t\000y\000p\000e\000s\000\040\000a\000n\000d\000\040\000p\000a\000r\000a\000m\000e\000t\000e\000r\000\040\000n\000o\000t\000a\000t\000i\000o\000n}{appendix.A}% 52
\BOOKMARK [1][-]{section.A.9}{\376\377\000F\000u\000l\000l\000\040\000b\000e\000n\000c\000h\000m\000a\000r\000k\000\040\000d\000a\000t\000a\000\040\000t\000a\000b\000l\000e\000s}{appendix.A}% 53
\BOOKMARK [1][-]{section.A.10}{\376\377\000A\000u\000d\000i\000t\000i\000n\000g\000\040\000t\000h\000e\000\040\000r\000e\000u\000s\000e\000\040\000c\000l\000a\000i\000m}{appendix.A}% 54
\BOOKMARK [1][-]{section.A.11}{\376\377\000S\000e\000l\000e\000c\000t\000e\000d\000\040\000c\000o\000d\000e\000\040\000l\000i\000s\000t\000i\000n\000g\000s\000:\000\040\000P\000r\000e\000S\000i\000g\000n\000,\000\040\000A\000d\000a\000p\000t\000\040\000a\000n\000d\000\040\000E\000x\000t\000r\000a\000c\000t}{appendix.A}% 55
\BOOKMARK [1][-]{section.A.12}{\376\377\000S\000e\000t\000t\000l\000i\000n\000g\000\040\000o\000n\000\040\000a\000\040\000r\000e\000a\000l\000\040\000n\000o\000d\000e}{appendix.A}% 56
\BOOKMARK [0][-]{appendix*.53}{\376\377\000B\000i\000b\000l\000i\000o\000g\000r\000a\000p\000h\000y}{}% 57
