==========================================================================
 LAS parameter set: n=6 ell=5 kappa=49 gamma=137984  (N=256, Q=8380417)
   M = n + ell = 11   (dim of sk=r, witness r', mask y, responses z_hat/z)
   paper notation: pp=(A,H)  pk=t  sk=r  statement Y=t'  witness r'
   signing mask y -> commitment w = A*y  (hashed into c; NOT transmitted)
==========================================================================
 Reproducibility: compiler=13.3.0
                  built=Jun 27 2026 13:45:05   git=aba9003 (main)
                  (CPU / OS-WSL / run-date captured per run by
                   scripts/run_fair_benchmarks.sh into metadata.txt)
 10 runs x 1000 iters/op; mean +/- sample SD; single thread, -O3.
 One setup and one consistent state per run; primary protocol timings first,
 then diagnostics from the SAME state (cost-attribution / communication aids).

--- WHAT IS COMPARED (separate base/adaptor modules; matched parameters; shared primitives) ---
 BASE  (simplified Dilithium-style signature; NO adaptor statement t'):
   Sign      c = H(pk, w,      M)        Verify    c == H(pk, w',      M)
 LAS ADAPTOR (same scheme; statement/lock Y=t' folded into the hash):
   PreSign   c = H(pk, w + t', M),  z_hat = y + c*r  (reject |z_hat|inf > gamma-kappa-1)
   PreVerify c == H(pk, w' + t', M)
   Adapt     z = z_hat + r'   (final response z;          reject |z|inf > gamma-kappa)
   Ext       s = z - z_hat   (recovers the witness r')
   Adapted sig clears ordinary Verify without an explicit +t' because
     A(z_hat + r') - c*t = (A*z_hat - c*t) + A*r' = w' + t'   (t' = A*r').
   pi (paper-level off-chain proof of well-formedness) is NOT implemented/measured here.

##########################################################################
# PRIMARY (protocol-level) timings -- the headline adaptor-overhead table #
##########################################################################
--- COMPUTATION (microseconds, mean +/- sample SD) ---

 Shared (public params pp=(A,H); KeyGen -> pk=t, sk=r):
   Setup            114.31 +/-  10.25
   KeyGen           114.46 +/-   5.11

 Base path (simplified Dilithium-style, c = H(pk, w, M); no t'):
   Sign            1269.65 +/-  28.39
   Verify           279.55 +/-   7.06

 LAS adaptor path (statement t' folded into the hash, c = H(pk, w+t', M)):
   PreSign         1355.29 +/-  61.70
   PreVerify        288.11 +/-   1.79
   Adapt            302.11 +/-   4.88
   Ext              100.68 +/-   2.51

 Adaptor overhead (adaptor op vs the base op it mirrors):
   PreSign       vs Sign      1355.29 vs  1269.65   (+6.7%)
   PreVerify     vs Verify     288.11 vs   279.55   (+3.1%)
   Adapt         vs Verify     302.11 vs   279.55   (+8.1%)
   Ext (separate)              100.68            (no base analogue)

##########################################################################
# DIAGNOSTICS (secondary; cost-attribution & communication; SAME state)  #
##########################################################################
--- A. REJECTION-SAMPLING DISTRIBUTION (2000 signing calls each;
       attempts read directly from base_attempts / las_attempts) ---
   operation                   avg accept%   min   max   p50   p95
   Base Sign (no t')         2.717   36.8%     1    17     2     7
   LAS PreSign (folds t')    2.749   36.4%     1    22     2     7
   avg = mean attempts/sig; accept% = 1/avg; both schemes reject under
   Fiat-Shamir-with-aborts at the bound gamma-kappa (Base Sign) /
   gamma-kappa-1 (LAS PreSign).

--- B. ADAPT TIMING CLARIFICATION (microseconds, mean +/- SD) ---
   Adapt checked total       302.107 +/-  4.878   (PROTOCOL: las_adapt above, incl. internal PreVerify)
   witness-add only           10.910 +/-  0.022   (DIAGNOSTIC ONLY: z=z_hat+r'; not a protocol op)
   A real Adapt MUST pre-verify first; the witness-add line is a lower bound,
   not a usable operation.  Use 'Adapt checked total' for protocol cost.

--- C. COMMUNICATION (packed bytes; BYTE-LEVEL only, NOT EVM gas) ---
   public key    pk = t                4416
   secret key    sk = r                 704
   statement     Y = t'               4416   (65.4% of the signature; t' has pk size)
   witness       r'                    704   (same packed layout as sk = r)
   challenge     c                      64
   response      z (final)            6688   (99.1% of the signature)
   response      z_hat (pre-sig)      6688   (same packed layout as z)
   signature         (c, z)           6752
   pre-signature     (c, z_hat)       6752   (same size as the signature)
   final adapted sig (c, z)           6752   (an ordinary signature)
   commitment    w = A*y            internal computed commitment; hashed into c; not transmitted
   -- protocol-component catalogue (context; what each object is / why counted or not) --
   pp=(A,H)  A' seed                    32   (public params; only this 32-byte seed is transmitted)
   pp=(A,H)  expanded A'             22080   (n*ell polys; DERIVED from the seed, NOT transmitted)
   y (signing mask, S_gamma)         6688   (n+ell polys; INTERNAL, hashed into c via w, NOT transmitted)
   w = A*y (commitment)              4416   (n polys; INTERNAL, hashed into c, NOT transmitted)
   pi (NIZK well-formedness proof)    n/a   (paper-level off-chain proof; NOT implemented / NOT measured)
   tx metadata (addrs/amounts/nonces) excl   (application/ledger layer; EXCLUDED from this accounting)
   atomic-swap payload (byte-level only):
     off-chain   = Y + 2*pre-signature        =  17920   [= t' + 2*(c, z_hat)]
     settlement  = 2*signature                =  13504   [= 2*(c, z)]
     settlement incl. escrowed Y = Y + 2*sig  =  17920
   (EVM/keccak gas for on-chain verification is a separate axis; see evm/.)

--- D. COMPONENT MICROBENCHMARKS (microseconds, mean +/- SD) ---
   Cost-attribution ESTIMATES timing LOCAL COPIES of the inner steps
   (behaviourally identical to las.c) -- NOT the protocol entry points above.
   A-product / commitment w = A*y                         86.710 +/-  0.578
   challenge hash  c = H(pk, w(+t'), M)                   94.837 +/-  0.325
   c*r  (one response polynomial; c is sparse)            13.349 +/-  0.058
   c*r  (all LAS_M response polynomials)                 147.524 +/-  0.599
   norm check  |z|inf over n+ell polys                     3.289 +/-  0.061
   w + t'   (n polys)                                     10.790 +/-  0.097
   z_hat + witness r'   (n+ell polys)                     10.910 +/-  0.022
   c*t  (all LAS_N public-key polys; Verify/PreVerify)    80.297 +/-  0.279
   KeyGen/Gen: sample r (n+ell ternary polys)             11.801 +/-  0.207
     (KeyGen = sample r + A*r; A*r is the A-product line above; statement Y gen = KeyGen)
   Ext: s = z - z_hat   (n+ell polys)                     10.589 +/-  0.050
   Ext: A*s   (recompute statement; = an A-product)       86.111 +/-  0.134
   Ext: t' == A*s check   (n polys)                        0.859 +/-  0.019
   note: a full Sign/PreSign attempt applies c*r across LAS_M = n+ell = 11
         response polynomials; Verify-style challenge multiplication applies
         c*t across LAS_N = n = 6 public-key polynomials.

--- E. NORM-MARGIN DIAGNOSTICS (achieved infinity-norm vs the reject bound;
       max over the 2000 sampled accepted signatures from section A) ---
   accepted |z|inf      max    137935   vs accept limit g-k   =    137935   (100.00% of band)
   accepted |z^|inf     max    137934   vs accept limit g-k-1 =    137934   (100.00% of band)
   Interpretation: the RESPONSE z/z^ saturates its band (~100%) -- the bound is
   the binding constraint and is exactly why ~63% of attempts are rejected.
   Contrast the AMHL cumulative WITNESS ||s_j||inf, which is tiny (<=K) vs the
   g-k-K band: that bound is extremely loose (see bench_app, the K-series table).
