==========================================================================
 LAS parameter set: n=4 ell=4 kappa=60 gamma=122880  (d=256, Q=8380417)
   M = n + ell = 8   (dim of sk=r, witness r', mask y, responses z_hat/z)
   paper notation: pp=(A,H)  pk=t  sk=r  statement Y=t'  witness r'
   signing mask y -> commitment w = A*y  (hashed into c; NOT transmitted)
==========================================================================
 Reproducibility: compiler=13.3.0
                  built=Jul 16 2026 15:21:59   git=n/a (n/a)
                  (CPU / OS-WSL / run-date captured per run by
                   scripts/run_fair_benchmarks.sh into metadata.txt)
 5 repetitions x 500 (sign-class) / 1000 (verify-class) iters/op; mean +/- sample SD;
 single thread, -O3.  Repetition scheme, fixed pp seed and fixed 33-byte message
 mirror the Rust driver (rust/fips204-las/examples/bench_levels.rs) exactly.
 Cycles/op via upstream test/cpucycles.{h,c} (rdtsc; invariant-TSC reference
 cycles), read once per repetition window: measured read overhead 36 cycles,
 i.e. ~0.0720 cycles/op at the 500-iteration sign-class loop -- negligible, not
 subtracted.  One setup and one consistent state per run (plus its packed byte
 image for the end-to-end tier); primary protocol timings first, then
 diagnostics from the SAME state (cost-attribution / communication aids).

--- WHAT IS COMPARED (separate base/adaptor modules; matched parameters; shared primitives) ---
 BASE  (simplified Dilithium-style signature; NO adaptor statement t'):
   Sign      c = H(pk, w,      M)        Verify    c == H(pk, w',      M)
 LAS ADAPTOR (same scheme; statement/lock Y=t' folded into the hash):
   PreSign   c = H(pk, w + t', M),  z_hat = y + c*r  (reject |z_hat|inf > gamma-kappa-1)
   PreVerify c == H(pk, w' + t', M)
   Adapt     z = z_hat + r'   (final response z;          reject |z|inf > gamma-kappa)
   Ext       s = z - z_hat   (recovers the witness r')
   Adapted sig clears ordinary Verify without an explicit +t' because
     A(z_hat + r') - c*t = (A*z_hat - c*t) + A*r' = w' + t'   (t' = A*r').
   pi (paper-level off-chain proof of well-formedness) is NOT implemented/measured here.
 Every operation is timed at BOTH API tiers: TIER 1 core crypto (structs in/out,
 pure computation) and TIER 2 end-to-end packed (bytes in/out; validating
 unpack -> core -> pack inside the call, upstream sign.c's boundary).

##########################################################################
# PRIMARY (protocol-level) timings -- the headline adaptor-overhead table #
##########################################################################
--- COMPUTATION, TIER 1: CORE CRYPTO (struct API; pure computation, no codec)
    (per op: microseconds AND cycles, each mean +/- sample SD) ---

 Shared (public params pp=(A,H); KeyGen -> pk=t, sk=r):
   Setup             47.12 +/-   2.05 us       172453 +/-      7505 cyc
   KeyGen            58.95 +/-   1.68 us       215716 +/-      6148 cyc

 Base path (simplified Dilithium-style, c = H(pk, w, M); no t'):
   Sign             470.59 +/-  23.60 us      1722143 +/-     86357 cyc
   Verify           125.64 +/-   2.70 us       459798 +/-      9873 cyc

 LAS adaptor path (statement t' folded into the hash, c = H(pk, w+t', M)):
   PreSign          495.56 +/-  20.90 us      1813536 +/-     76465 cyc
   PreVerify        133.58 +/-   6.26 us       488838 +/-     22920 cyc
   Adapt            136.84 +/-   6.98 us       500009 +/-     25484 cyc
   Ext               47.09 +/-   0.68 us       172045 +/-      2469 cyc

 Adaptor overhead (adaptor op vs the base op it mirrors; core tier, us):
   PreSign       vs Sign       495.56 vs   470.59   (+5.3%)
   PreVerify     vs Verify     133.58 vs   125.64   (+6.3%)
   Adapt         vs Verify     136.84 vs   125.64   (+8.9%)
   Ext (separate)               47.09            (no base analogue)

--- COMPUTATION, TIER 2: END-TO-END PACKED (byte API: validating unpack ->
    core -> pack INSIDE the call -- the boundary upstream sign.c exposes;
    same repetition scheme and units; Setup has no packed twin) ---

 Shared:
   KeyGen_packed      200.56 +/-   6.06 us       732796 +/-     22125 cyc

 Base path (bytes in/out):
   Sign_packed        789.64 +/-  25.40 us      2885204 +/-     92820 cyc
   Verify_packed      244.94 +/-  24.75 us       894951 +/-     90448 cyc

 LAS adaptor path (bytes in/out; las_verify_packed = the on-chain-style entry):
   PreSign_packed     948.20 +/-   9.65 us      3464555 +/-     35253 cyc
   PreVerify_packed   555.14 +/-  11.30 us      2027578 +/-     41327 cyc
   Adapt_packed       801.27 +/-  11.94 us      2926218 +/-     43593 cyc
   Ext_packed         585.85 +/-   9.47 us      2141844 +/-     31801 cyc

 Adaptor overhead at the packed boundary (adaptor op vs base op, us):
   PreSign_packed   vs Sign_packed      948.20 vs   789.64   (+20.1%)
   PreVerify_packed vs Verify_packed    555.14 vs   244.94   (+126.6%)
   Adapt_packed     vs Verify_packed    801.27 vs   244.94   (+227.1%)
   Ext_packed (separate)                585.85            (no base analogue)
   NOTE: these packed-boundary overheads fold in EXTRA CODEC WORK, not just
   adaptor math -- PreSign_packed/PreVerify_packed additionally decode the
   pk-sized statement t'; Adapt_packed additionally decodes t' and the witness
   r' and re-packs the adapted signature.  The CORE tier above isolates the
   pure adaptor computation (the headline overhead); the codec-cost table
   below prices the byte boundary itself.

 Codec boundary cost (packed minus core, per op, us -- the price of the
 byte boundary: validating unpack of the inputs + pack of the output;
 differences of independently measured means, so small values sit within
 the SDs above):
   KeyGen_packed    - KeyGen        +141.61   (+240.2%)
   Sign_packed      - Sign          +319.05   ( +67.8%)
   Verify_packed    - Verify        +119.29   ( +94.9%)
   PreSign_packed   - PreSign       +452.63   ( +91.3%)
   PreVerify_packed - PreVerify     +421.56   (+315.6%)
   Adapt_packed     - Adapt         +664.43   (+485.6%)
   Ext_packed       - Ext           +538.76   (+1144.2%)

##########################################################################
# DIAGNOSTICS (secondary; cost-attribution & communication; SAME state)  #
##########################################################################
--- A. REJECTION-SAMPLING DISTRIBUTION (2000 signing calls each;
       attempts read directly from base_attempts / las_attempts) ---
   operation                   avg accept%   min   max   p50   p95
   Base Sign (no t')         2.692   37.1%     1    15     2     7
   LAS PreSign (folds t')    2.811   35.6%     1    21     2     7
   avg = mean attempts/sig; accept% = 1/avg; both schemes reject under
   Fiat-Shamir-with-aborts at the bound gamma-kappa (Base Sign) /
   gamma-kappa-1 (LAS PreSign).
   Run-validity gates below cover the 5 x 500 TIMED sign-class calls of EACH
   tier of the primary table -- the packed sign-class calls wrap the same
   rejection loop -- (same 5-sigma check and line format as the Rust drivers):
rejection gate [Algorithm 1 Sign]: 2500 calls, measured 2.6784 attempts/call (acceptance 37.34%) vs theory 2.7189 (36.78%), 5-sigma tolerance +-0.2162 => OK
rejection gate [Algorithm 2 PreSign]: 2500 calls, measured 2.8160 attempts/call (acceptance 35.51%) vs theory 2.7647 (36.17%), 5-sigma tolerance +-0.2209 => OK
rejection gate [Algorithm 1 Sign (packed tier)]: 2500 calls, measured 2.7144 attempts/call (acceptance 36.84%) vs theory 2.7189 (36.78%), 5-sigma tolerance +-0.2162 => OK
rejection gate [Algorithm 2 PreSign (packed tier)]: 2500 calls, measured 2.7504 attempts/call (acceptance 36.36%) vs theory 2.7647 (36.17%), 5-sigma tolerance +-0.2209 => OK
per-attempt diagnostic (rejection-normalised): Sign 175.7 +/- 7.2 us | PreSign 176.0 +/- 2.4 us | overhead +0.2%

--- B. ADAPT TIMING CLARIFICATION (microseconds, mean +/- SD) ---
   Adapt checked total       136.839 +/-  6.982   (PROTOCOL: las_adapt above, incl. internal PreVerify)
   witness-add only            4.413 +/-  0.014   (DIAGNOSTIC ONLY: z=z_hat+r'; not a protocol op)
   A real Adapt MUST pre-verify first; the witness-add line is a lower bound,
   not a usable operation.  Use 'Adapt checked total' for protocol cost.

--- C. COMMUNICATION (packed bytes; BYTE-LEVEL only, NOT EVM gas) ---
   public key    pk = t                2944
   secret key    sk = r                 512
   statement     Y = t'               2944   (63.4% of the signature; t' has pk size)
   witness       r'                    512   (same packed layout as sk = r)
   challenge     c_tilde                32   (32-byte H digest)
   response      z (final)            4608   (99.3% of the signature)
   response      z_hat (pre-sig)      4608   (same packed layout as z)
   signature         (c, z)           4640
   pre-signature     (c, z_hat)       4640   (same size as the signature)
   final adapted sig (c, z)           4640   (an ordinary signature)
   commitment    w = A*y            internal computed commitment; hashed into c; not transmitted
   -- protocol-component catalogue (context; what each object is / why counted or not) --
   pp=(A,H)  A' seed                    32   (public params; only this 32-byte seed is transmitted)
   pp=(A,H)  expanded A'             11776   (n*ell polys; DERIVED from the seed, NOT transmitted)
   y (signing mask, S_gamma)         4608   (n+ell polys; INTERNAL, hashed into c via w, NOT transmitted)
   w = A*y (commitment)              2944   (n polys; INTERNAL, hashed into c, NOT transmitted)
   pi (NIZK well-formedness proof)    n/a   (paper-level off-chain proof; NOT implemented / NOT measured)
   tx metadata (addrs/amounts/nonces) excl   (application/ledger layer; EXCLUDED from this accounting)
   atomic-swap payload (byte-level only):
     off-chain   = Y + 2*pre-signature        =  12224   [= t' + 2*(c, z_hat)]
     settlement  = 2*signature                =   9280   [= 2*(c, z)]
     settlement incl. escrowed Y = Y + 2*sig  =  12224
   (EVM/keccak gas for on-chain verification is a separate axis; see evm/.)

--- D. COMPONENT MICROBENCHMARKS (microseconds, mean +/- SD) ---
   Cost-attribution ESTIMATES timing LOCAL COPIES of the inner steps
   (behaviourally identical to las.c) -- NOT the protocol entry points above.
   A-product / commitment w = A*y                         42.092 +/-  0.752
   challenge hash  c = H(pk, w(+t'), M)                   57.844 +/- 11.903
   NTT(s)  (n+ell polys; ONCE PER CALL, hoisted)          23.109 +/-  0.300
   NTT(c)  (one poly; once per attempt / per verify)       2.852 +/-  0.011
   c*r  (one poly; pointwise+invNTT, operands pre-NTT'd)   4.539 +/-  0.143
   c*r  per attempt (NTT(c) + n+ell pointwise+invNTT)     38.882 +/-  0.517
   norm check  |z|inf over n+ell polys                     1.930 +/-  0.036
   w + t'   (n polys)                                      4.291 +/-  0.019
   z_hat + witness r'   (n+ell polys)                      4.413 +/-  0.014
   c*t  per verify (NTT(c) + n x (NTT(t)+pw+invNTT))      33.097 +/-  1.108
   KeyGen/Gen: sample r (n+ell ternary polys)              8.666 +/-  0.088
     (KeyGen = sample r + A*r; A*r is the A-product line above; statement Y gen = KeyGen)
   Ext: s = z - z_hat   (n+ell polys)                      5.354 +/-  1.152
   Ext: A*s   (recompute statement; = an A-product)       42.670 +/-  1.167
   Ext: t' == A*s check   (n polys)                        0.456 +/-  0.010
   note: a full Sign/PreSign attempt applies c*r across N_PLUS_ELL = n+ell = 8
         response polynomials; Verify-style challenge multiplication applies
         c*t across LAS_N = n = 4 public-key polynomials.  NTT hoisting
         follows upstream ref/sign.c: NTT(s) is paid once per CALL (amortised
         over ~e rejection attempts), NTT(c) once per attempt / per verify.

--- E. NORM-MARGIN DIAGNOSTICS (achieved infinity-norm vs the reject bound;
       max over the 2000 sampled accepted signatures from section A) ---
   accepted |z|inf      max    122820   vs accept limit g-k   =    122820   (100.00% of band)
   accepted |z^|inf     max    122819   vs accept limit g-k-1 =    122819   (100.00% of band)
   Interpretation: the RESPONSE z/z^ saturates its band (~100%) -- the bound is
   the binding constraint and is exactly why ~63% of attempts are rejected.
   Contrast the AMHL cumulative WITNESS ||s_j||inf, which is tiny (<=K) vs the
   g-k-K band: that bound is extremely loose (see bench_app, the K-series table).
