

                             _   _
                            (_) | |
      __ _   _ __   __   __  _  | |
     / _` | | '_ \  \ \ / / | | | |
    | (_| | | | | |  \ V /  | | | |
     \__,_| |_| |_|   \_/   |_| |_|

    1.7.1 (4072e48705 2026-05-08T07:50:55.527285345Z)
    https://github.com/foundry-rs/foundry

Available Accounts
==================

(0) 0xf39Fd6e51aad88F6F4ce6aB8827279cffFb92266 (10000.000000000000000000 ETH)
(1) 0x70997970C51812dc3A010C7d01b50e0d17dc79C8 (10000.000000000000000000 ETH)
(2) 0x3C44CdDdB6a900fa2b585dd299e03d12FA4293BC (10000.000000000000000000 ETH)
(3) 0x90F79bf6EB2c4f870365E785982E1f101E93b906 (10000.000000000000000000 ETH)
(4) 0x15d34AAf54267DB7D7c367839AAf71A00a2C6A65 (10000.000000000000000000 ETH)
(5) 0x9965507D1a55bcC2695C58ba16FB37d819B0A4dc (10000.000000000000000000 ETH)
(6) 0x976EA74026E726554dB657fA54763abd0C3a0aa9 (10000.000000000000000000 ETH)
(7) 0x14dC79964da2C08b23698B3D3cc7Ca32193d9955 (10000.000000000000000000 ETH)
(8) 0x23618e81E3f5cdF7f54C3d65f7FBc0aBf5B21E8f (10000.000000000000000000 ETH)
(9) 0xa0Ee7A142d267C1f36714E4a8F75612F20a79720 (10000.000000000000000000 ETH)

Private Keys
==================

(0) 0xac0974bec39a17e36ba4a6b4d238ff944bacb478cbed5efcae784d7bf4f2ff80
(1) 0x59c6995e998f97a5a0044966f0945389dc9e86dae88c7a8412f4603b6b78690d
(2) 0x5de4111afa1a4b94908f83103eb1f1706367c2e68ca870fc3fb9a804cdab365a
(3) 0x7c852118294e51e653712a81e05800f419141751be58f605c371e15141b007a6
(4) 0x47e179ec197488593b187f80a00eb0da91f1b9d0b13f8733639f19c30a34926a
(5) 0x8b3a350cf5c34c9194ca85829a2df0ec3153be0318b5e2d3348e872092edffba
(6) 0x92db14e403b83dfe3df233f83dfa3a0d7096f21ca9b0d6d6b8d88b2b4ec1564e
(7) 0x4bbbf85ce3377467afe5d46f804f221813b2bb87f24d81f60f1fcdbf7cbf4356
(8) 0xdbda1821b80551c9d65939329250298aa3472ba22feea921c0cf5d620ea67b97
(9) 0x2a871d0798f97d79848a013d4936a73bf4cc922c825d33c1cf7073dff6d409c6

Wallet
==================
Mnemonic:          test test test test test test test test test test test junk
Derivation path:   m/44'/60'/0'/0/


Chain ID
==================

31338

Base Fee
==================

1000000000

Gas Limit
==================

30000000

Genesis Timestamp
==================

1786022240

Genesis Number
==================

0

Listening on 127.0.0.1:8561
eth_blockNumber
eth_chainId
eth_chainId
eth_getTransactionCount
eth_feeHistory
eth_sendRawTransaction
eth_getTransactionReceipt
eth_getTransactionReceipt

    Transaction: 0xdbba02eb952339ccb1800eb596fe3774be68aa867e7e885ff1b9a61f6c0168ba
    Gas used: 21000

    Block Number: 1
    Block Hash: 0x925b007b3dc9c1d5218e70298c1862cd3b72f4cfa035da8d2e548a2a912b8def
    Block Time: "Thu, 6 Aug 2026 13:17:20 +0000"

eth_blockNumber
eth_getBlockByNumber
eth_getBlockByNumber
eth_getTransactionReceipt
eth_chainId
eth_getTransactionCount
eth_feeHistory
eth_sendRawTransaction

RPC request failed:
    Request: EthSendRawTransaction(0x02f86a827a6a010184773594018401000001943c44cdddb6a900fa2b585dd299e03d12fa4293bc0180c001a01deaf98d1e1b535db48e3cd7a1a67d6a05c985cf80d09fd66e5e137d4a184338a0568aa966703251ddc830f851a291f8edcb1859fc73f353bf02a1ebd6b96680b3)
    Error: Server error: intrinsic gas too high -- tx.gas_limit > env.cfg.tx_gas_limit_cap

eth_chainId
eth_getTransactionCount
eth_getCode
eth_chainId
eth_getBlockByNumber
eth_gasPrice
eth_chainId
eth_chainId
eth_getBlockByNumber
eth_getAccountInfo
eth_getTransactionCount
eth_getAccount
eth_getCode
eth_getCode
eth_getBalance
eth_getAccountInfo
eth_getAccount
eth_getCode
eth_getAccountInfo
eth_getAccount
eth_getCode
eth_getAccountInfo
eth_getAccount
eth_getCode
eth_getAccountInfo
eth_getAccount
eth_getCode
eth_chainId
eth_chainId
eth_getBlockByNumber
eth_gasPrice
eth_chainId
eth_chainId
eth_chainId
eth_feeHistory
eth_feeHistory
eth_sendRawTransaction
eth_sendRawTransaction

    Transaction: 0x0a4892f4ca46321befdee87ccea22e81da2929e261a5a4fe9af8fe6230c22140
    Contract created: 0x71C95911E9a5D330f4D621842EC243EE1343292e
    Gas used: 2105577

    Block Number: 2
    Block Hash: 0xa41209ffbd771569acc86f5dc6d38f2446744aaf3c59e13b25f45ec868f9433a
    Block Time: "Thu, 6 Aug 2026 13:17:21 +0000"


    Transaction: 0xd76d1be38dde16500763f42eb5a0a163c8b6ddaf917a8ab457068c5a83ddbff5
    Gas used: 158179

    Block Number: 3
    Block Hash: 0xc2cf88a09f84d70f780d9e6be314141e3893b25550d0747ac0d4388635d57ad6
    Block Time: "Thu, 6 Aug 2026 13:17:21 +0000"

eth_getTransactionReceipt
eth_getTransactionReceipt
eth_getTransactionReceipt
eth_getTransactionReceipt
eth_chainId
eth_chainId
eth_getTransactionCount
eth_call
eth_getBalance
eth_chainId
eth_getTransactionCount
eth_feeHistory
eth_sendRawTransaction
eth_getTransactionReceipt
eth_getTransactionReceipt
eth_blockNumber
eth_getBlockByNumber
eth_getBlockByNumber
eth_getTransactionReceipt

    Transaction: 0x49002c37e41bbd826d6e5be64cdcebc46d1d49e47695ef07fb169d22f4661f3d
    Gas used: 16413616

    Block Number: 4
    Block Hash: 0x07264cb1c2b15b216754effe1eb7aa80145627f3ef1030cf095fc3bee0951ec4
    Block Time: "Thu, 6 Aug 2026 13:17:21 +0000"

eth_getTransactionReceipt
eth_blockNumber
eth_getBlockByNumber
eth_getTransactionReceipt
eth_getTransactionByHash
eth_getBalance
eth_getBalance
