--- control [chain1 at cap] : cast send at gasLimit=16777216 on http://127.0.0.1:8560 ---

blockHash            0xc648eae8d8a0301f2762fe77f1f6e788b31f62cd1b3bcb7d26724cffe019c30b
blockNumber          1
contractAddress      
cumulativeGasUsed    21000
effectiveGasPrice    1000000001
from                 0xf39Fd6e51aad88F6F4ce6aB8827279cffFb92266
gasUsed              21000
logs                 []
logsBloom            0x00000000000000000000000000000000000000000000000000000000000000000000000000000000000000000000000000000000000000000000000000000000000000000000000000000000000000000000000000000000000000000000000000000000000000000000000000000000000000000000000000000000000000000000000000000000000000000000000000000000000000000000000000000000000000000000000000000000000000000000000000000000000000000000000000000000000000000000000000000000000000000000000000000000000000000000000000000000000000000000000000000000000000000000000000000000
root                 
status               1 (success)
transactionHash      0x94c4b4938f91400ddb030bbd2c641e0dd775570efc03ebc52b1fe0036c050005
transactionIndex     0
type                 2
blobGasPrice         1
blobGasUsed          
to                   0x3C44CdDdB6a900fa2b585dd299e03d12FA4293BC
cast exit code: 0
--- control [chain1 cap + 1] : cast send at gasLimit=16777217 on http://127.0.0.1:8560 ---
Error: server returned an error response: error code -32000: intrinsic gas too high -- tx.gas_limit > env.cfg.tx_gas_limit_cap
cast exit code: 1

--- differential control summary [chain1] ---
gasLimit=16777216 (at cap) : cast exit 0   (expected 0 = accepted)
gasLimit=16777217 (cap + 1)      : cast exit 1 (expected non-zero = refused)
--- control [chain2 at cap] : cast send at gasLimit=16777216 on http://127.0.0.1:8561 ---

blockHash            0x925b007b3dc9c1d5218e70298c1862cd3b72f4cfa035da8d2e548a2a912b8def
blockNumber          1
contractAddress      
cumulativeGasUsed    21000
effectiveGasPrice    1000000001
from                 0x70997970C51812dc3A010C7d01b50e0d17dc79C8
gasUsed              21000
logs                 []
logsBloom            0x00000000000000000000000000000000000000000000000000000000000000000000000000000000000000000000000000000000000000000000000000000000000000000000000000000000000000000000000000000000000000000000000000000000000000000000000000000000000000000000000000000000000000000000000000000000000000000000000000000000000000000000000000000000000000000000000000000000000000000000000000000000000000000000000000000000000000000000000000000000000000000000000000000000000000000000000000000000000000000000000000000000000000000000000000000000
root                 
status               1 (success)
transactionHash      0xdbba02eb952339ccb1800eb596fe3774be68aa867e7e885ff1b9a61f6c0168ba
transactionIndex     0
type                 2
blobGasPrice         1
blobGasUsed          
to                   0x3C44CdDdB6a900fa2b585dd299e03d12FA4293BC
cast exit code: 0
--- control [chain2 cap + 1] : cast send at gasLimit=16777217 on http://127.0.0.1:8561 ---
Error: server returned an error response: error code -32000: intrinsic gas too high -- tx.gas_limit > env.cfg.tx_gas_limit_cap
cast exit code: 1

--- differential control summary [chain2] ---
gasLimit=16777216 (at cap) : cast exit 0   (expected 0 = accepted)
gasLimit=16777217 (cap + 1)      : cast exit 1 (expected non-zero = refused)
