==========================================================================
 LAS parameter set: n=4 ell=4 kappa=39 gamma=79872  (N=256, Q=8380417)
   M = n + ell = 8   (dim of sk=r, witness r', mask y, responses z_hat/z)
   paper notation: pp=(A,H)  pk=t  sk=r  statement Y=t'  witness r'
   signing mask y -> commitment w = A*y  (hashed into c; NOT transmitted)
==========================================================================
 Reproducibility: compiler=13.3.0
                  built=Jul  6 2026 10:59:01   git=f241091 (main)
                  (CPU / OS-WSL / run-date captured per run by
                   scripts/run_fair_benchmarks.sh into metadata.txt)
 5 repetitions x 500 (sign-class) / 1000 (verify-class) iters/op; mean +/- sample SD;
 single thread, -O3.  Repetition scheme, fixed pp seed and fixed 33-byte message
 mirror the Rust driver (rust/fips204-las/examples/bench_levels.rs) exactly.
 One setup and one consistent state per run; primary protocol timings first,
 then diagnostics from the SAME state (cost-attribution / communication aids).

--- WHAT IS COMPARED (separate base/adaptor modules; matched parameters; shared primitives) ---
 BASE  (simplified Dilithium-style signature; NO adaptor statement t'):
   Sign      c = H(pk, w,      M)        Verify    c == H(pk, w',      M)
 LAS ADAPTOR (same scheme; statement/lock Y=t' folded into the hash):
   PreSign   c = H(pk, w + t', M),  z_hat = y + c*r  (reject |z_hat|inf > gamma-kappa-1)
   PreVerify c == H(pk, w' + t', M)
   Adapt     z = z_hat + r'   (final response z;          reject |z|inf > gamma-kappa)
   Ext       s = z - z_hat   (recovers the witness r')
   Adapted sig clears ordinary Verify without an explicit +t' because
     A(z_hat + r') - c*t = (A*z_hat - c*t) + A*r' = w' + t'   (t' = A*r').
   pi (paper-level off-chain proof of well-formedness) is NOT implemented/measured here.

##########################################################################
# PRIMARY (protocol-level) timings -- the headline adaptor-overhead table #
##########################################################################
--- COMPUTATION (microseconds, mean +/- sample SD) ---

 Shared (public params pp=(A,H); KeyGen -> pk=t, sk=r):
   Setup             22.97 +/-   0.49
   KeyGen            28.41 +/-   0.04

 Base path (simplified Dilithium-style, c = H(pk, w, M); no t'):
   Sign             323.35 +/-  17.97
   Verify            69.19 +/-   0.20

 LAS adaptor path (statement t' folded into the hash, c = H(pk, w+t', M)):
   PreSign          339.16 +/-  10.62
   PreVerify         71.52 +/-   0.23
   Adapt             74.44 +/-   0.50
   Ext               24.33 +/-   0.05

 Adaptor overhead (adaptor op vs the base op it mirrors):
   PreSign       vs Sign       339.16 vs   323.35   (+4.9%)
   PreVerify     vs Verify      71.52 vs    69.19   (+3.4%)
   Adapt         vs Verify      74.44 vs    69.19   (+7.6%)
   Ext (separate)               24.33            (no base analogue)

##########################################################################
# DIAGNOSTICS (secondary; cost-attribution & communication; SAME state)  #
##########################################################################
--- A. REJECTION-SAMPLING DISTRIBUTION (2000 signing calls each;
       attempts read directly from base_attempts / las_attempts) ---
   operation                   avg accept%   min   max   p50   p95
   Base Sign (no t')         2.682   37.3%     1    20     2     7
   LAS PreSign (folds t')    2.901   34.5%     1    20     2     8
   avg = mean attempts/sig; accept% = 1/avg; both schemes reject under
   Fiat-Shamir-with-aborts at the bound gamma-kappa (Base Sign) /
   gamma-kappa-1 (LAS PreSign).
   Run-validity gates below cover the 5 x 500 TIMED sign-class calls from the
   primary table (same 5-sigma check and line format as the Rust drivers):
rejection gate [Algorithm 1 Sign]: 2500 calls, measured 2.6584 attempts/call (acceptance 37.62%) vs theory 2.7189 (36.78%), 5-sigma tolerance +-0.2162 => OK
rejection gate [Algorithm 2 PreSign]: 2500 calls, measured 2.8212 attempts/call (acceptance 35.45%) vs theory 2.7896 (35.85%), 5-sigma tolerance +-0.2234 => OK
per-attempt diagnostic (rejection-normalised): Sign 121.6 +/- 4.2 us | PreSign 120.2 +/- 0.1 us | overhead -1.2%

--- B. ADAPT TIMING CLARIFICATION (microseconds, mean +/- SD) ---
   Adapt checked total        74.438 +/-  0.505   (PROTOCOL: las_adapt above, incl. internal PreVerify)
   witness-add only            2.145 +/-  0.017   (DIAGNOSTIC ONLY: z=z_hat+r'; not a protocol op)
   A real Adapt MUST pre-verify first; the witness-add line is a lower bound,
   not a usable operation.  Use 'Adapt checked total' for protocol cost.

--- C. COMMUNICATION (packed bytes; BYTE-LEVEL only, NOT EVM gas) ---
   public key    pk = t                2944
   secret key    sk = r                 512
   statement     Y = t'               2944   (63.0% of the signature; t' has pk size)
   witness       r'                    512   (same packed layout as sk = r)
   challenge     c                      64
   response      z (final)            4608   (98.6% of the signature)
   response      z_hat (pre-sig)      4608   (same packed layout as z)
   signature         (c, z)           4672
   pre-signature     (c, z_hat)       4672   (same size as the signature)
   final adapted sig (c, z)           4672   (an ordinary signature)
   commitment    w = A*y            internal computed commitment; hashed into c; not transmitted
   -- protocol-component catalogue (context; what each object is / why counted or not) --
   pp=(A,H)  A' seed                    32   (public params; only this 32-byte seed is transmitted)
   pp=(A,H)  expanded A'             11776   (n*ell polys; DERIVED from the seed, NOT transmitted)
   y (signing mask, S_gamma)         4608   (n+ell polys; INTERNAL, hashed into c via w, NOT transmitted)
   w = A*y (commitment)              2944   (n polys; INTERNAL, hashed into c, NOT transmitted)
   pi (NIZK well-formedness proof)    n/a   (paper-level off-chain proof; NOT implemented / NOT measured)
   tx metadata (addrs/amounts/nonces) excl   (application/ledger layer; EXCLUDED from this accounting)
   atomic-swap payload (byte-level only):
     off-chain   = Y + 2*pre-signature        =  12288   [= t' + 2*(c, z_hat)]
     settlement  = 2*signature                =   9344   [= 2*(c, z)]
     settlement incl. escrowed Y = Y + 2*sig  =  12288
   (EVM/keccak gas for on-chain verification is a separate axis; see evm/.)

--- D. COMPONENT MICROBENCHMARKS (microseconds, mean +/- SD) ---
   Cost-attribution ESTIMATES timing LOCAL COPIES of the inner steps
   (behaviourally identical to las.c) -- NOT the protocol entry points above.
   A-product / commitment w = A*y                         21.945 +/-  0.164
   challenge hash  c = H(pk, w(+t'), M)                   24.070 +/-  0.070
   c*r  (one response polynomial; c is sparse)             5.213 +/-  0.011
   c*r  (all LAS_M response polynomials)                  41.846 +/-  0.030
   norm check  |z|inf over n+ell polys                     0.951 +/-  0.039
   w + t'   (n polys)                                      2.333 +/-  0.039
   z_hat + witness r'   (n+ell polys)                      2.145 +/-  0.017
   c*t  (all LAS_N public-key polys; Verify/PreVerify)    20.922 +/-  0.090
   KeyGen/Gen: sample r (n+ell ternary polys)              3.436 +/-  0.074
     (KeyGen = sample r + A*r; A*r is the A-product line above; statement Y gen = KeyGen)
   Ext: s = z - z_hat   (n+ell polys)                      2.154 +/-  0.028
   Ext: A*s   (recompute statement; = an A-product)       21.940 +/-  0.059
   Ext: t' == A*s check   (n polys)                        0.454 +/-  0.035
   note: a full Sign/PreSign attempt applies c*r across LAS_M = n+ell = 8
         response polynomials; Verify-style challenge multiplication applies
         c*t across LAS_N = n = 4 public-key polynomials.

--- E. NORM-MARGIN DIAGNOSTICS (achieved infinity-norm vs the reject bound;
       max over the 2000 sampled accepted signatures from section A) ---
   accepted |z|inf      max     79833   vs accept limit g-k   =     79833   (100.00% of band)
   accepted |z^|inf     max     79832   vs accept limit g-k-1 =     79832   (100.00% of band)
   Interpretation: the RESPONSE z/z^ saturates its band (~100%) -- the bound is
   the binding constraint and is exactly why ~63% of attempts are rejected.
   Contrast the AMHL cumulative WITNESS ||s_j||inf, which is tiny (<=K) vs the
   g-k-K band: that bound is extremely loose (see bench_app, the K-series table).
