{
  "address": "bcrt1pcdmx5gej30wyrfv7rxmnqslpf9vyu0ln7w32ss9pqggzdgs4te7qrstwpg",
  "core_helpers_used": [
    "test_framework.address.output_key_to_p2tr",
    "test_framework.key.ECKey",
    "test_framework.key.compute_xonly_pubkey",
    "test_framework.key.sign_schnorr",
    "test_framework.messages.COutPoint",
    "test_framework.messages.CTransaction",
    "test_framework.messages.CTxIn",
    "test_framework.messages.CTxInWitness",
    "test_framework.messages.CTxOut",
    "test_framework.script.CScript",
    "test_framework.script.CScriptOp",
    "test_framework.script.LEAF_VERSION_TAPSCRIPT",
    "test_framework.script.OP_1",
    "test_framework.script.OP_CHECKSIG",
    "test_framework.script.OP_DROP",
    "test_framework.script.TaprootSignatureHash",
    "test_framework.script.taproot_construct"
  ],
  "internal_key": "50929b74c1a04954b78b4b6035e97a5e078a5a0f28ec96d547bfee9ace803ac0",
  "leaf_script_hex": "2091f89defeae098cddb2ee898603343c6b307c107b40255be12847fc1ad601e30bb51",
  "pk_sha256": "91f89defeae098cddb2ee898603343c6b307c107b40255be12847fc1ad601e30",
  "scriptPubKey_hex": "5120c3766a23328bdc41a59e19b73043e149584e3ff3f3a2a840a1021026a2155e7c"
}
