{
  "blockhash": "134fce3796e1aa753ef8fca3010b3bd13b3174ebea87ec028bbf84fb56565da4",
  "boundary_source": "sha256(pk) committed by the funding output's tapleaf, not a locally known signature length",
  "confirmations": 1,
  "control_block_bytes": 33,
  "opcode": "OP_CHECKLASSIGVERIFY (0xbb) \u2014 verified present in the tapleaf",
  "pk_bytes": 4416,
  "pk_commitment_sha256": "6c9641b7d6296516536ada1acfda1b95b99bd8bb510c70781dcb92fdb284ea36",
  "pk_sha256": "6c9641b7d6296516536ada1acfda1b95b99bd8bb510c70781dcb92fdb284ea36",
  "sig_bytes": 6736,
  "sig_sha256": "d96fbaa546da47de90da70f1b9dcc5c330e2900659be5cdcc97b57b07f71a70f",
  "split_offset": 6736,
  "tapleaf_hex": "206c9641b7d6296516536ada1acfda1b95b99bd8bb510c70781dcb92fdb284ea36bb51",
  "txid": "f4fa5e8c0d6c4a7e2636af3bd295643e0f6eaf4aa48cffadec7cd3c47689c9c8",
  "vin": 0,
  "witness_item_lengths": [
    520,
    520,
    520,
    520,
    520,
    520,
    520,
    520,
    520,
    520,
    520,
    520,
    496,
    520,
    520,
    520,
    520,
    520,
    520,
    520,
    520,
    256,
    35,
    33
  ],
  "witness_items": 24
}
