

                             _   _
                            (_) | |
      __ _   _ __   __   __  _  | |
     / _` | | '_ \  \ \ / / | | | |
    | (_| | | | | |  \ V /  | | | |
     \__,_| |_| |_|   \_/   |_| |_|

    1.7.1 (4072e48705 2026-05-08T07:50:55.527285345Z)
    https://github.com/foundry-rs/foundry

Available Accounts
==================

(0) 0xf39Fd6e51aad88F6F4ce6aB8827279cffFb92266 (10000.000000000000000000 ETH)
(1) 0x70997970C51812dc3A010C7d01b50e0d17dc79C8 (10000.000000000000000000 ETH)
(2) 0x3C44CdDdB6a900fa2b585dd299e03d12FA4293BC (10000.000000000000000000 ETH)
(3) 0x90F79bf6EB2c4f870365E785982E1f101E93b906 (10000.000000000000000000 ETH)
(4) 0x15d34AAf54267DB7D7c367839AAf71A00a2C6A65 (10000.000000000000000000 ETH)
(5) 0x9965507D1a55bcC2695C58ba16FB37d819B0A4dc (10000.000000000000000000 ETH)
(6) 0x976EA74026E726554dB657fA54763abd0C3a0aa9 (10000.000000000000000000 ETH)
(7) 0x14dC79964da2C08b23698B3D3cc7Ca32193d9955 (10000.000000000000000000 ETH)
(8) 0x23618e81E3f5cdF7f54C3d65f7FBc0aBf5B21E8f (10000.000000000000000000 ETH)
(9) 0xa0Ee7A142d267C1f36714E4a8F75612F20a79720 (10000.000000000000000000 ETH)

Private Keys
==================

(0) 0xac0974bec39a17e36ba4a6b4d238ff944bacb478cbed5efcae784d7bf4f2ff80
(1) 0x59c6995e998f97a5a0044966f0945389dc9e86dae88c7a8412f4603b6b78690d
(2) 0x5de4111afa1a4b94908f83103eb1f1706367c2e68ca870fc3fb9a804cdab365a
(3) 0x7c852118294e51e653712a81e05800f419141751be58f605c371e15141b007a6
(4) 0x47e179ec197488593b187f80a00eb0da91f1b9d0b13f8733639f19c30a34926a
(5) 0x8b3a350cf5c34c9194ca85829a2df0ec3153be0318b5e2d3348e872092edffba
(6) 0x92db14e403b83dfe3df233f83dfa3a0d7096f21ca9b0d6d6b8d88b2b4ec1564e
(7) 0x4bbbf85ce3377467afe5d46f804f221813b2bb87f24d81f60f1fcdbf7cbf4356
(8) 0xdbda1821b80551c9d65939329250298aa3472ba22feea921c0cf5d620ea67b97
(9) 0x2a871d0798f97d79848a013d4936a73bf4cc922c825d33c1cf7073dff6d409c6

Wallet
==================
Mnemonic:          test test test test test test test test test test test junk
Derivation path:   m/44'/60'/0'/0/


Chain ID
==================

31337

Base Fee
==================

1000000000

Gas Limit
==================

30000000

Genesis Timestamp
==================

1788555324

Genesis Number
==================

0

Listening on 127.0.0.1:8557
eth_blockNumber
eth_chainId
eth_getTransactionCount
eth_feeHistory
eth_sendRawTransaction
eth_getTransactionReceipt
eth_getTransactionReceipt

    Transaction: 0x94c4b4938f91400ddb030bbd2c641e0dd775570efc03ebc52b1fe0036c050005
    Gas used: 21000

    Block Number: 1
    Block Hash: 0x3b69df43c98066ebb3d99dcf110a843efe25ddf44e9c86e6ccbfb9238d48ef3b
    Block Time: "Fri, 4 Sep 2026 20:55:25 +0000"

eth_blockNumber
eth_getBlockByNumber
eth_getTransactionReceipt
eth_getBlockByNumber
eth_chainId
eth_getTransactionCount
eth_feeHistory
eth_sendRawTransaction

RPC request failed:
    Request: EthSendRawTransaction(0x02f86a827a69010184773594018401000001943c44cdddb6a900fa2b585dd299e03d12fa4293bc0180c080a0c858c2001f5b28080d82c9de3a89872a6e9f018a8b14ea785e7a6b6848b0425fa044e1a321fec950bb9cede58c939e9d72f8fa4a1611d999469becbaf66229de79)
    Error: Server error: intrinsic gas too high -- tx.gas_limit > env.cfg.tx_gas_limit_cap

eth_chainId
eth_chainId
anvil_nodeInfo
eth_getTransactionCount
eth_getCode
eth_chainId
eth_chainId
eth_gasPrice
eth_getBlockByNumber
eth_chainId
eth_getBlockByNumber
eth_getCode
eth_getTransactionCount
eth_getAccountInfo
eth_getAccount
eth_getBalance
eth_getCode
eth_getCode
eth_getBalance
eth_getTransactionCount
eth_getTransactionCount
eth_getBalance
eth_getCode
eth_getBalance
eth_getCode
eth_getTransactionCount
eth_getBalance
eth_getTransactionCount
eth_getCode
eth_chainId
eth_chainId
eth_gasPrice
eth_chainId
eth_chainId
eth_getBlockByNumber
eth_chainId
eth_feeHistory
eth_feeHistory
eth_sendRawTransaction
eth_sendRawTransaction

    Transaction: 0x56de6f57ec1bb9111bc76b55b46d1be6a6061dcc51ccd2a9e45069200819f21d
    Contract created: 0xe7f1725E7734CE288F8367e1Bb143E90bb3F0512
    Gas used: 3952903

    Block Number: 2
    Block Hash: 0x794410731736c5593ce3bf4c4d59b07b4dcfe2328e64de6cf286b1c6f49d011b
    Block Time: "Fri, 4 Sep 2026 20:55:25 +0000"


    Transaction: 0xb12aefe2d0de7ea5ebd70676031224100c710ceeb04d7138e3f02f981557c5a3
    Gas used: 162754

    Block Number: 3
    Block Hash: 0x0dd4f38cdb1eeef10f460b0c2d3dff7f1ce7377b282189ac0c0ab769168c6e8e
    Block Time: "Fri, 4 Sep 2026 20:55:25 +0000"

eth_getTransactionReceipt
eth_getTransactionReceipt
eth_getTransactionReceipt
eth_getTransactionReceipt
eth_getBalance
eth_chainId
eth_getTransactionCount
eth_feeHistory
eth_sendRawTransaction
eth_getTransactionReceipt
eth_getTransactionReceipt
eth_blockNumber
eth_getBlockByNumber
eth_getBlockByNumber
eth_getTransactionReceipt

    Transaction: 0x6f1d1aaf154eab172e7b4bfc927f644c751cd573270a924684df8809205d949c
    Gas used: 16413275

    Block Number: 4
    Block Hash: 0xed9e32b1f77bfd3079e6393807a89793dd7b469d3384846171f7d1f88c8d5f7c
    Block Time: "Fri, 4 Sep 2026 20:55:25 +0000"

eth_getTransactionReceipt
eth_blockNumber
eth_getTransactionReceipt
eth_getTransactionByHash
eth_getBalance
