==========================================================================
 LAS parameter set: n=8 ell=7 kappa=60 gamma=230400  (N=256, Q=8380417)
==========================================================================
 10 runs x 1000 iters/op; mean +/- sample SD; single thread, -O3.

--- WHAT IS COMPARED (identical code, parameters, primitives) ---
 BASE  (simplified Dilithium-style signature; NO adaptor statement):
   Sign     c = H(pk, w,   M)        Verify    c == H(pk, w',  M)
 LAS ADAPTOR (same scheme; statement/lock Y folded into the hash):
   PreSign  c = H(pk, w+Y, M)        PreVerify c == H(pk, w'+Y, M)
   Adapt    z = z_hat + y_witness    Ext       y_witness = z - z_hat
   Adapted sig clears ordinary Verify without an explicit +Y because
     A(z_hat+y) - c*t = (A*z_hat - c*t) + A*y = w' + Y    (Y = A*y).

--- COMPUTATION (microseconds, mean +/- sample SD) ---

 Base path (simplified Dilithium-style, c = H(pk, w, M); no Y):
   KeyGen       166.22 +/-   2.82
   Sign        1562.52 +/-  38.21
   Verify       385.97 +/-   2.47

 LAS adaptor path (Y folded into the hash, c = H(pk, w+Y, M)):
   PreSign     1621.29 +/-  52.62
   PreVerify    400.49 +/-   2.15
   Adapt        415.26 +/-   2.26
   Ext          150.45 +/-   1.67

 Adaptor overhead (adaptor op vs the base op it mirrors):
   PreSign   vs Sign      1621.29 vs  1562.52   (+3.8%)
   PreVerify vs Verify     400.49 vs   385.97   (+3.8%)
   Adapt     vs Verify     415.26 vs   385.97   (+7.6%)
   Ext       (separate)    150.45            (no base analogue)

--- COMMUNICATION (packed bytes) ---
   public key  pk          5888
   secret key  sk           960
   challenge   c             64
   response    z           9120   (99.3% of the signature)
   signature   (c,z)       9184
   statement   Y           5888
   pre-signature           9184
