==========================================================================
 LAS parameter set: n=4 ell=4 kappa=60 gamma=122880  (N=256, Q=8380417)
==========================================================================
 10 runs x 1000 iters/op; mean +/- sample SD; single thread, -O3.

--- WHAT IS COMPARED (separate modules, matched parameters, shared primitives) ---
 BASE  (simplified Dilithium-style signature; NO adaptor statement):
   Sign     c = H(pk, w,   M)        Verify    c == H(pk, w',  M)
 LAS ADAPTOR (same scheme; statement/lock Y folded into the hash):
   PreSign  c = H(pk, w+Y, M)        PreVerify c == H(pk, w'+Y, M)
   Adapt    z = z_hat + y_witness    Ext       y_witness = z - z_hat
   Adapted sig clears ordinary Verify without an explicit +Y because
     A(z_hat+y) - c*t = (A*z_hat - c*t) + A*y = w' + Y    (Y = A*y).

--- COMPUTATION (microseconds, mean +/- sample SD) ---

 Base path (simplified Dilithium-style, c = H(pk, w, M); no Y):
   KeyGen        72.78 +/-   0.49
   Sign         699.21 +/-  34.36
   Verify       165.19 +/-   0.45

 LAS adaptor path (Y folded into the hash, c = H(pk, w+Y, M)):
   PreSign      701.33 +/-  13.55
   PreVerify    166.27 +/-   0.53
   Adapt        177.84 +/-   3.44
   Ext           57.20 +/-   0.78

 Adaptor overhead (adaptor op vs the base op it mirrors):
   PreSign   vs Sign       701.33 vs   699.21   (+0.3%)
   PreVerify vs Verify     166.27 vs   165.19   (+0.7%)
   Adapt     vs Verify     177.84 vs   165.19   (+7.7%)
   Ext       (separate)     57.20            (no base analogue)

--- COMMUNICATION (packed bytes) ---
   public key  pk          2944
   secret key  sk           512
   challenge   c             64
   response    z           4608   (98.6% of the signature)
   signature   (c,z)       4672
   statement   Y           2944
   pre-signature           4672
