--- control [at cap] : cast send at gasLimit=16777216 on http://127.0.0.1:8562 ---

blockHash            0xd5000ab019d01f9b839e9920494c288db15a3cb00f23696e1aa6d8ff22756e49
blockNumber          1
contractAddress      
cumulativeGasUsed    21000
effectiveGasPrice    1000000001
from                 0xf39Fd6e51aad88F6F4ce6aB8827279cffFb92266
gasUsed              21000
logs                 []
logsBloom            0x00000000000000000000000000000000000000000000000000000000000000000000000000000000000000000000000000000000000000000000000000000000000000000000000000000000000000000000000000000000000000000000000000000000000000000000000000000000000000000000000000000000000000000000000000000000000000000000000000000000000000000000000000000000000000000000000000000000000000000000000000000000000000000000000000000000000000000000000000000000000000000000000000000000000000000000000000000000000000000000000000000000000000000000000000000000
root                 
status               1 (success)
transactionHash      0x94c4b4938f91400ddb030bbd2c641e0dd775570efc03ebc52b1fe0036c050005
transactionIndex     0
type                 2
blobGasPrice         1
blobGasUsed          
to                   0x3C44CdDdB6a900fa2b585dd299e03d12FA4293BC
cast exit code: 0
--- control [cap + 1] : cast send at gasLimit=16777217 on http://127.0.0.1:8562 ---
Error: server returned an error response: error code -32000: intrinsic gas too high -- tx.gas_limit > env.cfg.tx_gas_limit_cap
cast exit code: 1

--- differential control summary ---
gasLimit=16777216 (at cap) : cast exit 0   (expected 0 = accepted)
gasLimit=16777217 (cap + 1)      : cast exit 1 (expected non-zero = refused)
