{
  "authorised_by": "OP_CHECKLASSIGVERIFY \u2014 a LAS signature verified by consensus",
  "chunk_width": 520,
  "control_block_bytes": 65,
  "core_helpers_used": [
    "test_framework.address.output_key_to_p2tr",
    "test_framework.key.ECKey",
    "test_framework.key.compute_xonly_pubkey",
    "test_framework.key.sign_schnorr",
    "test_framework.messages.COutPoint",
    "test_framework.messages.CTransaction",
    "test_framework.messages.CTxIn",
    "test_framework.messages.CTxInWitness",
    "test_framework.messages.CTxOut",
    "test_framework.script.CScript",
    "test_framework.script.CScriptOp",
    "test_framework.script.LEAF_VERSION_TAPSCRIPT",
    "test_framework.script.OP_1",
    "test_framework.script.OP_CHECKLOCKTIMEVERIFY",
    "test_framework.script.OP_CHECKSIG",
    "test_framework.script.OP_DROP",
    "test_framework.script.TaprootSignatureHash",
    "test_framework.script.taproot_construct"
  ],
  "dest_spk_hex": "0014459f87ea407380238d30dd5738e9142bd7b9c20b",
  "leaf": "refund",
  "leaf_script_bytes": 42,
  "locktime": 1787878582,
  "locktime_kind": "unix-time",
  "model": {
    "base_size": 82,
    "total_size": 11412,
    "vsize": 2915,
    "weight": 11658,
    "witness_size": 11330
  },
  "mutate": "none",
  "out_value_sat": 99800000,
  "pays_self": false,
  "pk_bytes": 4416,
  "pk_chunks": 9,
  "sequence": 4294967294,
  "sig_bytes": 6736,
  "sig_chunks": 13,
  "witness_item_lengths": [
    520,
    520,
    520,
    520,
    520,
    520,
    520,
    520,
    520,
    520,
    520,
    520,
    496,
    520,
    520,
    520,
    520,
    520,
    520,
    520,
    520,
    256,
    42,
    65
  ],
  "witness_items": 24
}
