{
  "claimed_value_sat": 100000000,
  "core_helpers_used": [
    "test_framework.address.output_key_to_p2tr",
    "test_framework.key.ECKey",
    "test_framework.key.compute_xonly_pubkey",
    "test_framework.key.sign_schnorr",
    "test_framework.messages.COutPoint",
    "test_framework.messages.CTransaction",
    "test_framework.messages.CTxIn",
    "test_framework.messages.CTxInWitness",
    "test_framework.messages.CTxOut",
    "test_framework.script.CScript",
    "test_framework.script.CScriptOp",
    "test_framework.script.LEAF_VERSION_TAPSCRIPT",
    "test_framework.script.OP_1",
    "test_framework.script.OP_CHECKLOCKTIMEVERIFY",
    "test_framework.script.OP_CHECKSIG",
    "test_framework.script.OP_DROP",
    "test_framework.script.TaprootSignatureHash",
    "test_framework.script.taproot_construct"
  ],
  "dest_spk_hex": "0014173b79ad6e443c3d83d83eeb8307f1f62a06ea24",
  "leaf": "las",
  "locktime": 0,
  "mutate": "wrong_pubkey",
  "pays_self": false,
  "sequence": 4294967295,
  "sighash": "080820ebf55281f29db5d7eece3cc3fcb95e43cf3cf577e193ce4ecb1f2b3d68"
}
