{
  "address": "bcrt1pdrqpq9sa9vk7xjkn4rfrql29tzc7k5a9za7n67mcsysqwyef323qzq58cp",
  "core_helpers_used": [
    "test_framework.address.output_key_to_p2tr",
    "test_framework.key.ECKey",
    "test_framework.key.compute_xonly_pubkey",
    "test_framework.key.sign_schnorr",
    "test_framework.messages.COutPoint",
    "test_framework.messages.CTransaction",
    "test_framework.messages.CTxIn",
    "test_framework.messages.CTxInWitness",
    "test_framework.messages.CTxOut",
    "test_framework.script.CScript",
    "test_framework.script.CScriptOp",
    "test_framework.script.LEAF_VERSION_TAPSCRIPT",
    "test_framework.script.OP_1",
    "test_framework.script.OP_CHECKLOCKTIMEVERIFY",
    "test_framework.script.OP_CHECKSIG",
    "test_framework.script.OP_DROP",
    "test_framework.script.TaprootSignatureHash",
    "test_framework.script.taproot_construct"
  ],
  "internal_key": "50929b74c1a04954b78b4b6035e97a5e078a5a0f28ec96d547bfee9ace803ac0",
  "leaf": "las",
  "leaf_script_hex": "206c9641b7d6296516536ada1acfda1b95b99bd8bb510c70781dcb92fdb284ea36bb51",
  "pk_sha256": "6c9641b7d6296516536ada1acfda1b95b99bd8bb510c70781dcb92fdb284ea36",
  "refund_locktime": 131,
  "refundable": true,
  "scriptPubKey_hex": "512068c010161d2b2de34ad3a8d2307d4558b1eb53a5177d3d7b7881200713298aa2"
}
