{
  "claimed_value_sat": 100000000,
  "core_helpers_used": [
    "test_framework.address.output_key_to_p2tr",
    "test_framework.key.ECKey",
    "test_framework.key.compute_xonly_pubkey",
    "test_framework.key.sign_schnorr",
    "test_framework.messages.COutPoint",
    "test_framework.messages.CTransaction",
    "test_framework.messages.CTxIn",
    "test_framework.messages.CTxInWitness",
    "test_framework.messages.CTxOut",
    "test_framework.script.CScript",
    "test_framework.script.CScriptOp",
    "test_framework.script.LEAF_VERSION_TAPSCRIPT",
    "test_framework.script.OP_1",
    "test_framework.script.OP_CHECKLOCKTIMEVERIFY",
    "test_framework.script.OP_CHECKSIG",
    "test_framework.script.OP_DROP",
    "test_framework.script.TaprootSignatureHash",
    "test_framework.script.taproot_construct"
  ],
  "dest_spk_hex": "0014db9f8a6040cd975434ee6ab78c143016bf853737",
  "leaf": "refund",
  "locktime": 131,
  "mutate": "none",
  "pays_self": false,
  "sequence": 4294967294,
  "sighash": "7c78c4b2bf6166d3e092a7c64f30d82ec6892b2d1b82633c4d28ef226c7fd1d8"
}
