==========================================================================
 LAS parameter set: n=6 ell=5 kappa=49 gamma=137984  (N=256, Q=8380417)
   M = n + ell = 11   (dim of sk=r, witness r', mask y_mask, responses z_hat/z)
   paper notation: pp=(A,H)  pk=t  sk=r  statement Y=t'  witness r' (=y_witness)
   signing mask y_mask -> commitment w = A*y_mask  (hashed into c; NOT transmitted)
==========================================================================
 Reproducibility: compiler=13.3.0
                  built=Jun 25 2026 14:11:45   git=ad3448c (main)
                  (CPU / OS-WSL / run-date captured per run by
                   scripts/run_fair_benchmarks.sh into metadata.txt)
 10 runs x 1000 iters/op; mean +/- sample SD; single thread, -O3.
 One setup and one consistent state per run; primary protocol timings first,
 then diagnostics from the SAME state (cost-attribution / communication aids).

--- WHAT IS COMPARED (separate base/adaptor modules; matched parameters; shared primitives) ---
 BASE  (simplified Dilithium-style signature; NO adaptor statement t'):
   Sign      c = H(pk, w,      M)        Verify    c == H(pk, w',      M)
 LAS ADAPTOR (same scheme; statement/lock Y=t' folded into the hash):
   PreSign   c = H(pk, w + t', M),  z_hat = y_mask + c*r  (reject |z_hat|inf > gamma-kappa-1)
   PreVerify c == H(pk, w' + t', M)
   Adapt     z = z_hat + r'   (final response z;          reject |z|inf > gamma-kappa)
   Ext / Extract   s = z - z_hat   (recovers the witness r')
   Adapted sig clears ordinary Verify without an explicit +t' because
     A(z_hat + r') - c*t = (A*z_hat - c*t) + A*r' = w' + t'   (t' = A*r').
   pi (paper-level off-chain proof of well-formedness) is NOT implemented/measured here.

##########################################################################
# PRIMARY (protocol-level) timings -- the headline adaptor-overhead table #
##########################################################################
--- COMPUTATION (microseconds, mean +/- sample SD) ---

 Shared (public params pp=(A,H); KeyGen -> pk=t, sk=r):
   Setup            120.05 +/-   8.26
   KeyGen           113.77 +/-   5.24

 Base path (simplified Dilithium-style, c = H(pk, w, M); no t'):
   Sign            1303.32 +/-  73.86
   Verify           287.38 +/-   6.87

 LAS adaptor path (statement t' folded into the hash, c = H(pk, w+t', M)):
   PreSign         1428.68 +/-  67.49
   PreVerify        313.71 +/-   9.22
   Adapt            311.90 +/-  11.82
   Ext / Extract     97.17 +/-   4.88

 Adaptor overhead (adaptor op vs the base op it mirrors):
   PreSign       vs Sign      1428.68 vs  1303.32   (+9.6%)
   PreVerify     vs Verify     313.71 vs   287.38   (+9.2%)
   Adapt         vs Verify     311.90 vs   287.38   (+8.5%)
   Ext / Extract (separate)     97.17            (no base analogue)

##########################################################################
# DIAGNOSTICS (secondary; cost-attribution & communication; SAME state)  #
##########################################################################
--- A. REJECTION-SAMPLING DISTRIBUTION (2000 signing calls each;
       attempts read directly from base_attempts / las_attempts) ---
   operation                   avg accept%   min   max   p50   p95
   Base Sign (no t')         2.738   36.5%     1    19     2     7
   LAS PreSign (folds t')    2.740   36.5%     1    23     2     7
   avg = mean attempts/sig; accept% = 1/avg; both schemes reject under
   Fiat-Shamir-with-aborts at the bound gamma-kappa (Base Sign) /
   gamma-kappa-1 (LAS PreSign).

--- B. ADAPT TIMING CLARIFICATION (microseconds, mean +/- SD) ---
   Adapt checked total       311.898 +/- 11.816   (PROTOCOL: las_adapt above, incl. internal PreVerify)
   witness-add only            7.804 +/-  0.059   (DIAGNOSTIC ONLY: z=z_hat+r'; not a protocol op)
   A real Adapt MUST pre-verify first; the witness-add line is a lower bound,
   not a usable operation.  Use 'Adapt checked total' for protocol cost.

--- C. COMMUNICATION (packed bytes; BYTE-LEVEL only, NOT EVM gas) ---
   public key    pk = t                4416
   secret key    sk = r                 704
   statement     Y = t'               4416   (65.4% of the signature; t' has pk size)
   witness       r' = y_witness        704   (same packed layout as sk = r)
   challenge     c                      64
   response      z (final)            6688   (99.1% of the signature)
   response      z_hat (pre-sig)      6688   (same packed layout as z)
   signature         (c, z)           6752
   pre-signature     (c, z_hat)       6752   (same size as the signature)
   final adapted sig (c, z)           6752   (an ordinary signature)
   commitment    w = A*y_mask       internal computed commitment; hashed into c; not transmitted
   atomic-swap payload (byte-level only):
     off-chain   = Y + 2*pre-signature        =  17920   [= t' + 2*(c, z_hat)]
     settlement  = 2*signature                =  13504   [= 2*(c, z)]
     settlement incl. escrowed Y = Y + 2*sig  =  17920
   (EVM/keccak gas for on-chain verification is a separate axis; see evm/.)

--- D. COMPONENT MICROBENCHMARKS (microseconds, mean +/- SD) ---
   Cost-attribution ESTIMATES timing LOCAL COPIES of the inner steps
   (behaviourally identical to las.c) -- NOT the protocol entry points above.
   A-product / commitment w = A*y_mask                    87.130 +/-  5.525
   challenge hash  c = H(pk, w(+t'), M)                   91.429 +/-  0.440
   c*r  (one response polynomial; c is sparse)            14.315 +/-  0.515
   c*r  (all LAS_M response polynomials)                 148.575 +/-  2.283
   norm check  |z|inf over n+ell polys                     3.499 +/-  0.079
   w + t'   (n polys)                                      9.621 +/-  0.171
   z_hat + witness r'   (n+ell polys)                      7.804 +/-  0.059
   note: a full Sign/PreSign attempt applies c*r across LAS_M = n+ell = 11
         response polynomials; Verify-style challenge multiplication applies
         c*t across LAS_N = n = 6 public-key polynomials.
