==========================================================================
 LAS parameter set: n=6 ell=5 kappa=49 gamma=137984  (d=256, Q=8380417)
   M = n + ell = 11   (dim of sk=r, witness r', mask y, responses z_hat/z)
   paper notation: pp=(A,H)  pk=t  sk=r  statement Y=t'  witness r'
   signing mask y -> commitment w = A*y  (hashed into c; NOT transmitted)
==========================================================================
 Reproducibility: compiler=13.3.0
                  built=Jul 29 2026 17:56:01   git=n/a (n/a)
                  (CPU / OS-WSL / run-date captured per run by
                   scripts/run_fair_benchmarks.sh into metadata.txt)
 5 repetitions x 500 (sign-class) / 1000 (verify-class) iters/op; mean +/- sample SD;
 single thread, -O3.  Repetition scheme, fixed pp seed and fixed 33-byte message
 mirror the Rust driver (rust/fips204-las/examples/bench_levels.rs) exactly.
 Cycles/op via upstream test/cpucycles.{h,c} (rdtsc; invariant-TSC reference
 cycles), read once per repetition window: measured read overhead 1 cycles,
 i.e. ~0.0020 cycles/op at the 500-iteration sign-class loop -- negligible, not
 subtracted.  One setup and one consistent state per run (plus its packed byte
 image for the end-to-end tier); primary protocol timings first, then
 diagnostics from the SAME state (cost-attribution / communication aids).

--- WHAT IS COMPARED (separate base/adaptor modules; matched parameters; shared primitives) ---
 BASE  (simplified Dilithium-style signature; NO adaptor statement t'):
   Sign      c = H(pk, w,      M)        Verify    c == H(pk, w',      M)
 LAS ADAPTOR (same scheme; statement/lock Y=t' folded into the hash):
   PreSign   c = H(pk, w + t', M),  z_hat = y + c*r  (reject |z_hat|inf > gamma-kappa-1)
   PreVerify c == H(pk, w' + t', M)
   Adapt     z = z_hat + r'   (final response z;          reject |z|inf > gamma-kappa)
   Ext       s = z - z_hat   (recovers the witness r')
   Adapted sig clears ordinary Verify without an explicit +t' because
     A(z_hat + r') - c*t = (A*z_hat - c*t) + A*r' = w' + t'   (t' = A*r').
   pi (paper-level off-chain proof of well-formedness) is NOT implemented/measured here.
 Every operation is timed at BOTH API tiers: TIER 1 core crypto (structs in/out,
 pure computation) and TIER 2 end-to-end packed (bytes in/out; validating
 unpack -> core -> pack inside the call, upstream sign.c's boundary).

##########################################################################
# PRIMARY (protocol-level) timings -- the headline adaptor-overhead table #
##########################################################################
--- COMPUTATION, TIER 1: CORE CRYPTO (struct API; pure computation, no codec)
    (per op: microseconds AND cycles, each mean +/- sample SD) ---

 Shared (public params pp=(A,H); KeyGen -> pk=t, sk=r):
   Setup             47.91 +/-   0.41 us       172146 +/-      1469 cyc
   KeyGen            50.89 +/-   0.89 us       182870 +/-      3184 cyc

 Base path (simplified Dilithium-style, c = H(pk, w, M); no t'):
   Sign             489.16 +/-  17.23 us      1757651 +/-     61929 cyc
   Verify           110.70 +/-   3.23 us       397743 +/-     11592 cyc

 LAS adaptor path (statement t' folded into the hash, c = H(pk, w+t', M)):
   PreSign          521.60 +/-  31.82 us      1874203 +/-    114332 cyc
   PreVerify        115.12 +/-   2.11 us       413641 +/-      7594 cyc
   Adapt            118.30 +/-   1.58 us       425074 +/-      5670 cyc
   Ext               43.67 +/-   0.70 us       156923 +/-      2519 cyc

 Adaptor overhead (adaptor op vs the base op it mirrors; core tier, us):
   PreSign       vs Sign       521.60 vs   489.16   (+6.6%)
   PreVerify     vs Verify     115.12 vs   110.70   (+4.0%)
   Adapt         vs Verify     118.30 vs   110.70   (+6.9%)
   Ext (separate)               43.67            (no base analogue)

--- COMPUTATION, TIER 2: END-TO-END PACKED (byte API: validating unpack ->
    core -> pack INSIDE the call -- the boundary upstream sign.c exposes;
    same repetition scheme and units; Setup has no packed twin) ---

 Shared:
   KeyGen_packed      166.88 +/-   0.25 us       599636 +/-       914 cyc

 Base path (bytes in/out):
   Sign_packed        731.59 +/-  24.52 us      2628758 +/-     88116 cyc
   Verify_packed      361.77 +/-   5.92 us      1299922 +/-     21272 cyc

 LAS adaptor path (bytes in/out; las_verify_packed = the on-chain-style entry):
   PreSign_packed     883.11 +/-  18.81 us      3173183 +/-     67570 cyc
   PreVerify_packed   500.37 +/-   3.46 us      1797914 +/-     12447 cyc
   Adapt_packed       687.30 +/-  17.63 us      2469604 +/-     63362 cyc
   Ext_packed         506.37 +/-   0.80 us      1819468 +/-      2858 cyc

 Adaptor overhead at the packed boundary (adaptor op vs base op, us):
   PreSign_packed   vs Sign_packed      883.11 vs   731.59   (+20.7%)
   PreVerify_packed vs Verify_packed    500.37 vs   361.77   (+38.3%)
   Adapt_packed     vs Verify_packed    687.30 vs   361.77   (+90.0%)
   Ext_packed (separate)                506.37            (no base analogue)
   NOTE: these packed-boundary overheads fold in EXTRA CODEC WORK, not just
   adaptor math -- PreSign_packed/PreVerify_packed additionally decode the
   pk-sized statement t'; Adapt_packed additionally decodes t' and the witness
   r' and re-packs the adapted signature.  The CORE tier above isolates the
   pure adaptor computation (the headline overhead); the codec-cost table
   below prices the byte boundary itself.

 Codec boundary cost (packed minus core, per op, us -- the price of the
 byte boundary: validating unpack of the inputs + pack of the output;
 differences of independently measured means, so small values sit within
 the SDs above):
   KeyGen_packed    - KeyGen        +115.99   (+227.9%)
   Sign_packed      - Sign          +242.43   ( +49.6%)
   Verify_packed    - Verify        +251.08   (+226.8%)
   PreSign_packed   - PreSign       +361.51   ( +69.3%)
   PreVerify_packed - PreVerify     +385.25   (+334.6%)
   Adapt_packed     - Adapt         +569.00   (+481.0%)
   Ext_packed       - Ext           +462.69   (+1059.4%)

##########################################################################
# DIAGNOSTICS (secondary; cost-attribution & communication; SAME state)  #
##########################################################################
--- A. REJECTION-SAMPLING DISTRIBUTION (2000 signing calls each;
       attempts read directly from base_attempts / las_attempts) ---
   operation                   avg accept%   min   max   p50   p95
   Base Sign (no t')         2.615   38.2%     1    17     2     6
   LAS PreSign (folds t')    2.724   36.7%     1    15     2     7
   avg = mean attempts/sig; accept% = 1/avg; both schemes reject under
   Fiat-Shamir-with-aborts at the bound gamma-kappa (Base Sign) /
   gamma-kappa-1 (LAS PreSign).
   Run-validity gates below cover the 5 x 500 TIMED sign-class calls of EACH
   tier of the primary table -- the packed sign-class calls wrap the same
   rejection loop -- (same 5-sigma check and line format as the Rust drivers):
rejection gate [Algorithm 1 Sign]: 2500 calls, measured 2.7560 attempts/call (acceptance 36.28%) vs theory 2.7188 (36.78%), 5-sigma tolerance +-0.2162 => OK
rejection gate [Algorithm 2 PreSign]: 2500 calls, measured 2.8524 attempts/call (acceptance 35.06%) vs theory 2.7748 (36.04%), 5-sigma tolerance +-0.2219 => OK
rejection gate [Algorithm 1 Sign (packed tier)]: 2500 calls, measured 2.6288 attempts/call (acceptance 38.04%) vs theory 2.7188 (36.78%), 5-sigma tolerance +-0.2162 => OK
rejection gate [Algorithm 2 PreSign (packed tier)]: 2500 calls, measured 2.7412 attempts/call (acceptance 36.48%) vs theory 2.7748 (36.04%), 5-sigma tolerance +-0.2219 => OK
per-attempt diagnostic (rejection-normalised): Sign 177.5 +/- 5.9 us | PreSign 182.9 +/- 9.9 us | overhead +3.1%

--- B. ADAPT TIMING CLARIFICATION (microseconds, mean +/- SD) ---
   Adapt checked total       118.301 +/-  1.578   (PROTOCOL: las_adapt above, incl. internal PreVerify)
   witness-add only            4.914 +/-  0.044   (DIAGNOSTIC ONLY: z=z_hat+r'; not a protocol op)
   A real Adapt MUST pre-verify first; the witness-add line is a lower bound,
   not a usable operation.  Use 'Adapt checked total' for protocol cost.

--- C. COMMUNICATION (packed bytes; BYTE-LEVEL only, NOT EVM gas) ---
   public key    pk = t                4416
   secret key    sk = r                 704
   statement     Y = t'               4416   (65.6% of the signature; t' has pk size)
   witness       r'                    704   (same packed layout as sk = r)
   challenge     c_tilde                48   (H digest; FIPS 204 lambda/4 for this set)
   response      z (final)            6688   (99.3% of the signature)
   response      z_hat (pre-sig)      6688   (same packed layout as z)
   signature         (c, z)           6736
   pre-signature     (c, z_hat)       6736   (same size as the signature)
   final adapted sig (c, z)           6736   (an ordinary signature)
   commitment    w = A*y            internal computed commitment; hashed into c; not transmitted
   -- protocol-component catalogue (context; what each object is / why counted or not) --
   pp=(A,H)  A' seed                    32   (public params; only this 32-byte seed is transmitted)
   pp=(A,H)  expanded A'             22080   (n*ell polys; DERIVED from the seed, NOT transmitted)
   y (signing mask, S_gamma)         6688   (n+ell polys; INTERNAL, hashed into c via w, NOT transmitted)
   w = A*y (commitment)              4416   (n polys; INTERNAL, hashed into c, NOT transmitted)
   pi (NIZK well-formedness proof)    n/a   (paper-level off-chain proof; NOT implemented / NOT measured)
   tx metadata (addrs/amounts/nonces) excl   (application/ledger layer; EXCLUDED from this accounting)
   atomic-swap payload (byte-level only):
     off-chain   = Y + 2*pre-signature        =  17888   [= t' + 2*(c, z_hat)]
     settlement  = 2*signature                =  13472   [= 2*(c, z)]
     settlement incl. escrowed Y = Y + 2*sig  =  17888
   (EVM/keccak gas for on-chain verification is a separate axis; see evm/.)

--- D. COMPONENT MICROBENCHMARKS (microseconds, mean +/- SD) ---
   Cost-attribution ESTIMATES timing LOCAL COPIES of the inner steps
   (behaviourally identical to las.c) -- NOT the protocol entry points above.
   A-product / commitment w = A*y                         39.004 +/-  0.240
   challenge hash  c = H(pk, w(+t'), M)                   42.291 +/-  0.350
   NTT(s)  (n+ell polys; ONCE PER CALL, hoisted)          18.427 +/-  0.293
   NTT(c)  (one poly; once per attempt / per verify)       1.678 +/-  0.032
   c*r  (one poly; pointwise+invNTT, operands pre-NTT'd)   2.679 +/-  0.016
   c*r  per attempt (NTT(c) + n+ell pointwise+invNTT)     31.395 +/-  0.171
   norm check  |z|inf over n+ell polys                     1.503 +/-  0.042
   w + t'   (n polys)                                      4.830 +/-  0.037
   z_hat + witness r'   (n+ell polys)                      4.914 +/-  0.044
   c*t  per verify (NTT(c) + n x (NTT(t)+pw+invNTT))      27.887 +/-  0.054
   KeyGen/Gen: sample r (n+ell ternary polys)              5.519 +/-  0.063
     (KeyGen = sample r + A*r; A*r is the A-product line above; statement Y gen = KeyGen)
   Ext: s = z - z_hat   (n+ell polys)                      4.718 +/-  0.016
   Ext: A*s   (recompute statement; = an A-product)       38.427 +/-  0.112
   Ext: t' == A*s check   (n polys)                        0.379 +/-  0.004
   note: a full Sign/PreSign attempt applies c*r across N_PLUS_ELL = n+ell = 11
         response polynomials; Verify-style challenge multiplication applies
         c*t across LAS_N = n = 6 public-key polynomials.  NTT hoisting
         follows upstream ref/sign.c: NTT(s) is paid once per CALL (amortised
         over ~e rejection attempts), NTT(c) once per attempt / per verify.

--- E. NORM-MARGIN DIAGNOSTICS (achieved infinity-norm vs the reject bound;
       max over the 2000 sampled accepted signatures from section A) ---
   accepted |z|inf      max    137935   vs accept limit g-k   =    137935   (100.00% of band)
   accepted |z^|inf     max    137934   vs accept limit g-k-1 =    137934   (100.00% of band)
   Interpretation: the RESPONSE z/z^ saturates its band (~100%) -- the bound is
   the binding constraint and is exactly why ~63% of attempts are rejected.
   Contrast the AMHL cumulative WITNESS ||s_j||inf, which is tiny (<=K) vs the
   g-k-K band: that bound is extremely loose (see bench_app, the K-series table).
