==========================================================================
 LAS parameter set: n=8 ell=7 kappa=60 gamma=230400  (d=256, Q=8380417)
   M = n + ell = 15   (dim of sk=r, witness r', mask y, responses z_hat/z)
   paper notation: pp=(A,H)  pk=t  sk=r  statement Y=t'  witness r'
   signing mask y -> commitment w = A*y  (hashed into c; NOT transmitted)
==========================================================================
 Reproducibility: compiler=13.3.0
                  built=Jul 29 2026 18:06:13   git=b58a7f3 (report)
                  (CPU / OS-WSL / run-date captured per run by
                   scripts/run_fair_benchmarks.sh into metadata.txt)
 5 repetitions x 500 (sign-class) / 1000 (verify-class) iters/op; mean +/- sample SD;
 single thread, -O3.  Repetition scheme, fixed pp seed and fixed 33-byte message
 mirror the Rust driver (rust/fips204-las/examples/bench_levels.rs) exactly.
 Cycles/op via upstream test/cpucycles.{h,c} (rdtsc; invariant-TSC reference
 cycles), read once per repetition window: measured read overhead 1 cycles,
 i.e. ~0.0020 cycles/op at the 500-iteration sign-class loop -- negligible, not
 subtracted.  One setup and one consistent state per run (plus its packed byte
 image for the end-to-end tier); primary protocol timings first, then
 diagnostics from the SAME state (cost-attribution / communication aids).

--- WHAT IS COMPARED (separate base/adaptor modules; matched parameters; shared primitives) ---
 BASE  (simplified Dilithium-style signature; NO adaptor statement t'):
   Sign      c = H(pk, w,      M)        Verify    c == H(pk, w',      M)
 LAS ADAPTOR (same scheme; statement/lock Y=t' folded into the hash):
   PreSign   c = H(pk, w + t', M),  z_hat = y + c*r  (reject |z_hat|inf > gamma-kappa-1)
   PreVerify c == H(pk, w' + t', M)
   Adapt     z = z_hat + r'   (final response z;          reject |z|inf > gamma-kappa)
   Ext       s = z - z_hat   (recovers the witness r')
   Adapted sig clears ordinary Verify without an explicit +t' because
     A(z_hat + r') - c*t = (A*z_hat - c*t) + A*r' = w' + t'   (t' = A*r').
   pi (paper-level off-chain proof of well-formedness) is NOT implemented/measured here.
 Every operation is timed at BOTH API tiers: TIER 1 core crypto (structs in/out,
 pure computation) and TIER 2 end-to-end packed (bytes in/out; validating
 unpack -> core -> pack inside the call, upstream sign.c's boundary).

##########################################################################
# PRIMARY (protocol-level) timings -- the headline adaptor-overhead table #
##########################################################################
--- COMPUTATION, TIER 1: CORE CRYPTO (struct API; pure computation, no codec)
    (per op: microseconds AND cycles, each mean +/- sample SD) ---

 Shared (public params pp=(A,H); KeyGen -> pk=t, sk=r):
   Setup             87.96 +/-   0.36 us       316050 +/-      1275 cyc
   KeyGen            69.00 +/-   0.10 us       247915 +/-       350 cyc

 Base path (simplified Dilithium-style, c = H(pk, w, M); no t'):
   Sign             517.79 +/-  15.26 us      1860501 +/-     54819 cyc
   Verify           139.27 +/-   0.37 us       500432 +/-      1320 cyc

 LAS adaptor path (statement t' folded into the hash, c = H(pk, w+t', M)):
   PreSign          539.57 +/-  22.02 us      1938778 +/-     79132 cyc
   PreVerify        146.35 +/-   2.45 us       525839 +/-      8788 cyc
   Adapt            150.77 +/-   1.61 us       541720 +/-      5801 cyc
   Ext               59.08 +/-   0.77 us       212270 +/-      2780 cyc

 Adaptor overhead (adaptor op vs the base op it mirrors; core tier, us):
   PreSign       vs Sign       539.57 vs   517.79   (+4.2%)
   PreVerify     vs Verify     146.35 vs   139.27   (+5.1%)
   Adapt         vs Verify     150.77 vs   139.27   (+8.3%)
   Ext (separate)               59.08            (no base analogue)

--- COMPUTATION, TIER 2: END-TO-END PACKED (byte API: validating unpack ->
    core -> pack INSIDE the call -- the boundary upstream sign.c exposes;
    same repetition scheme and units; Setup has no packed twin) ---

 Shared:
   KeyGen_packed      224.56 +/-   2.21 us       806882 +/-      7931 cyc

 Base path (bytes in/out):
   Sign_packed        878.31 +/-  26.11 us      3155925 +/-     93831 cyc
   Verify_packed      527.14 +/-  11.53 us      1894117 +/-     41415 cyc

 LAS adaptor path (bytes in/out; las_verify_packed = the on-chain-style entry):
   PreSign_packed    1069.16 +/-  22.52 us      3841688 +/-     80927 cyc
   PreVerify_packed   692.37 +/-   0.17 us      2487825 +/-       610 cyc
   Adapt_packed       918.97 +/-   0.74 us      3302029 +/-      2672 cyc
   Ext_packed         708.15 +/-   0.56 us      2544518 +/-      2018 cyc

 Adaptor overhead at the packed boundary (adaptor op vs base op, us):
   PreSign_packed   vs Sign_packed     1069.16 vs   878.31   (+21.7%)
   PreVerify_packed vs Verify_packed    692.37 vs   527.14   (+31.3%)
   Adapt_packed     vs Verify_packed    918.97 vs   527.14   (+74.3%)
   Ext_packed (separate)                708.15            (no base analogue)
   NOTE: these packed-boundary overheads fold in EXTRA CODEC WORK, not just
   adaptor math -- PreSign_packed/PreVerify_packed additionally decode the
   pk-sized statement t'; Adapt_packed additionally decodes t' and the witness
   r' and re-packs the adapted signature.  The CORE tier above isolates the
   pure adaptor computation (the headline overhead); the codec-cost table
   below prices the byte boundary itself.

 Codec boundary cost (packed minus core, per op, us -- the price of the
 byte boundary: validating unpack of the inputs + pack of the output;
 differences of independently measured means, so small values sit within
 the SDs above):
   KeyGen_packed    - KeyGen        +155.56   (+225.5%)
   Sign_packed      - Sign          +360.52   ( +69.6%)
   Verify_packed    - Verify        +387.87   (+278.5%)
   PreSign_packed   - PreSign       +529.59   ( +98.1%)
   PreVerify_packed - PreVerify     +546.03   (+373.1%)
   Adapt_packed     - Adapt         +768.20   (+509.5%)
   Ext_packed       - Ext           +649.07   (+1098.7%)

##########################################################################
# DIAGNOSTICS (secondary; cost-attribution & communication; SAME state)  #
##########################################################################
--- A. REJECTION-SAMPLING DISTRIBUTION (2000 signing calls each;
       attempts read directly from base_attempts / las_attempts) ---
   operation                   avg accept%   min   max   p50   p95
   Base Sign (no t')         2.738   36.5%     1    21     2     7
   LAS PreSign (folds t')    2.852   35.1%     1    27     2     7
   avg = mean attempts/sig; accept% = 1/avg; both schemes reject under
   Fiat-Shamir-with-aborts at the bound gamma-kappa (Base Sign) /
   gamma-kappa-1 (LAS PreSign).
   Run-validity gates below cover the 5 x 500 TIMED sign-class calls of EACH
   tier of the primary table -- the packed sign-class calls wrap the same
   rejection loop -- (same 5-sigma check and line format as the Rust drivers):
rejection gate [Algorithm 1 Sign]: 2500 calls, measured 2.7092 attempts/call (acceptance 36.91%) vs theory 2.7186 (36.78%), 5-sigma tolerance +-0.2162 => OK
rejection gate [Algorithm 2 PreSign]: 2500 calls, measured 2.7704 attempts/call (acceptance 36.10%) vs theory 2.7643 (36.18%), 5-sigma tolerance +-0.2208 => OK
rejection gate [Algorithm 1 Sign (packed tier)]: 2500 calls, measured 2.6780 attempts/call (acceptance 37.34%) vs theory 2.7186 (36.78%), 5-sigma tolerance +-0.2162 => OK
rejection gate [Algorithm 2 PreSign (packed tier)]: 2500 calls, measured 2.7576 attempts/call (acceptance 36.26%) vs theory 2.7643 (36.18%), 5-sigma tolerance +-0.2208 => OK
per-attempt diagnostic (rejection-normalised): Sign 191.1 +/- 3.3 us | PreSign 194.8 +/- 2.8 us | overhead +1.9%

--- B. ADAPT TIMING CLARIFICATION (microseconds, mean +/- SD) ---
   Adapt checked total       150.765 +/-  1.614   (PROTOCOL: las_adapt above, incl. internal PreVerify)
   witness-add only            4.616 +/-  0.012   (DIAGNOSTIC ONLY: z=z_hat+r'; not a protocol op)
   A real Adapt MUST pre-verify first; the witness-add line is a lower bound,
   not a usable operation.  Use 'Adapt checked total' for protocol cost.

--- C. COMMUNICATION (packed bytes; BYTE-LEVEL only, NOT EVM gas) ---
   public key    pk = t                5888
   secret key    sk = r                 960
   statement     Y = t'               5888   (64.1% of the signature; t' has pk size)
   witness       r'                    960   (same packed layout as sk = r)
   challenge     c_tilde                64   (H digest; FIPS 204 lambda/4 for this set)
   response      z (final)            9120   (99.3% of the signature)
   response      z_hat (pre-sig)      9120   (same packed layout as z)
   signature         (c, z)           9184
   pre-signature     (c, z_hat)       9184   (same size as the signature)
   final adapted sig (c, z)           9184   (an ordinary signature)
   commitment    w = A*y            internal computed commitment; hashed into c; not transmitted
   -- protocol-component catalogue (context; what each object is / why counted or not) --
   pp=(A,H)  A' seed                    32   (public params; only this 32-byte seed is transmitted)
   pp=(A,H)  expanded A'             41216   (n*ell polys; DERIVED from the seed, NOT transmitted)
   y (signing mask, S_gamma)         9120   (n+ell polys; INTERNAL, hashed into c via w, NOT transmitted)
   w = A*y (commitment)              5888   (n polys; INTERNAL, hashed into c, NOT transmitted)
   pi (NIZK well-formedness proof)    n/a   (paper-level off-chain proof; NOT implemented / NOT measured)
   tx metadata (addrs/amounts/nonces) excl   (application/ledger layer; EXCLUDED from this accounting)
   atomic-swap payload (byte-level only):
     off-chain   = Y + 2*pre-signature        =  24256   [= t' + 2*(c, z_hat)]
     settlement  = 2*signature                =  18368   [= 2*(c, z)]
     settlement incl. escrowed Y = Y + 2*sig  =  24256
   (EVM/keccak gas for on-chain verification is a separate axis; see evm/.)

--- D. COMPONENT MICROBENCHMARKS (microseconds, mean +/- SD) ---
   Cost-attribution ESTIMATES timing LOCAL COPIES of the inner steps
   (behaviourally identical to las.c) -- NOT the protocol entry points above.
   A-product / commitment w = A*y                         53.225 +/-  0.355
   challenge hash  c = H(pk, w(+t'), M)                   52.699 +/-  0.173
   NTT(s)  (n+ell polys; ONCE PER CALL, hoisted)          23.921 +/-  0.052
   NTT(c)  (one poly; once per attempt / per verify)       1.593 +/-  0.008
   c*r  (one poly; pointwise+invNTT, operands pre-NTT'd)   2.476 +/-  0.020
   c*r  per attempt (NTT(c) + n+ell pointwise+invNTT)     38.810 +/-  0.042
   norm check  |z|inf over n+ell polys                     1.993 +/-  0.014
   w + t'   (n polys)                                      4.817 +/-  0.024
   z_hat + witness r'   (n+ell polys)                      4.616 +/-  0.012
   c*t  per verify (NTT(c) + n x (NTT(t)+pw+invNTT))      34.228 +/-  0.070
   KeyGen/Gen: sample r (n+ell ternary polys)              7.105 +/-  0.069
     (KeyGen = sample r + A*r; A*r is the A-product line above; statement Y gen = KeyGen)
   Ext: s = z - z_hat   (n+ell polys)                      4.800 +/-  0.008
   Ext: A*s   (recompute statement; = an A-product)       53.847 +/-  1.240
   Ext: t' == A*s check   (n polys)                        0.551 +/-  0.035
   note: a full Sign/PreSign attempt applies c*r across N_PLUS_ELL = n+ell = 15
         response polynomials; Verify-style challenge multiplication applies
         c*t across LAS_N = n = 8 public-key polynomials.  NTT hoisting
         follows upstream ref/sign.c: NTT(s) is paid once per CALL (amortised
         over ~e rejection attempts), NTT(c) once per attempt / per verify.

--- E. NORM-MARGIN DIAGNOSTICS (achieved infinity-norm vs the reject bound;
       max over the 2000 sampled accepted signatures from section A) ---
   accepted |z|inf      max    230340   vs accept limit g-k   =    230340   (100.00% of band)
   accepted |z^|inf     max    230339   vs accept limit g-k-1 =    230339   (100.00% of band)
   Interpretation: the RESPONSE z/z^ saturates its band (~100%) -- the bound is
   the binding constraint and is exactly why ~63% of attempts are rejected.
   Contrast the AMHL cumulative WITNESS ||s_j||inf, which is tiny (<=K) vs the
   g-k-K band: that bound is extremely loose (see bench_app, the K-series table).
