=== Adaptor cost: NIST ML-DSA vs the LAS paper's simplified Dilithium ===
build: commit aa71cbf branch report | ML-DSA-44 vs Simplified Dilithium-II (n=4, l=4, kappa=39)
protocol: 5 repetitions x 500 (sign-class) / 1000 (verify-class) iterations, mean +/- SD, same process

--- run-validity gates (a failure invalidates every timing above) ---
rejection gate [simplified Dilithium: Algorithm 1 Sign]: 2500 calls, measured 2.6784 attempts/call (acceptance 37.34%) vs exact theory 2.7189 (36.78%), 5-sigma tolerance +-0.2162 => OK
rejection gate [simplified Dilithium: Algorithm 2 PreSign]: 2500 calls, measured 2.8596 attempts/call (acceptance 34.97%) vs exact theory 2.7896 (35.85%), 5-sigma tolerance +-0.2234 => OK
rejection gate [ML-DSA: Sign (matched, no statement)]: 2500 calls, measured 4.2464 attempts/call (acceptance 23.55%) vs FIPS 204 published 4.2500 (23.53%), 5-sigma tolerance +-0.3717 => OK
rejection gate [ML-DSA: PreSign (adaptor)]: 2500 calls, measured 4.5304 attempts/call (acceptance 22.07%) vs FIPS 204 published 4.2500 (23.53%), 5-sigma tolerance +-0.3717 => OK

--- per-operation timing (us/op, mean +/- SD over 5 repetitions) ---
  operation  Simplified Dilithium-II              ML-DSA-44 ML-DSA/simp
  KeyGen              35.44 +/-  0.17          66.73 +/-  2.12      1.88x
  Sign               314.28 +/- 20.72         327.32 +/-  9.31      1.04x
  Verify              70.56 +/-  0.63          73.16 +/-  0.38      1.04x
  PreSign            335.00 +/- 21.24         342.61 +/-  5.34      1.02x
  PreVerify           78.54 +/-  2.26          75.30 +/-  3.61      0.96x
  Adapt               82.95 +/-  1.43          74.05 +/-  0.96      0.89x
  Extract             29.17 +/-  0.19          54.35 +/-  0.54      1.86x
  (ML-DSA Sign row is the MATCHED partner; stock crypto_sign_signature
   measured 305.58 +/- 13.55 us in the same run)

--- sign-class cost per ATTEMPT (rejection luck divided out) ---
                              Simplified Dilithium-II            ML-DSA-44
  Sign, us/attempt                    117.34 +/-  0.88       77.12 +/-  1.59
  PreSign, us/attempt                 117.06 +/-  3.77       75.63 +/-  0.44

--- adaptor overhead WITHIN each construction (the primary comparison) ---
    PAIRED and INTERLEAVED: each pair alternates within every repetition,
    so clock drift is common-mode; mean +/- SD over the 5 per-rep ratios.
  pair                       Simplified Dilithium-II              ML-DSA-44
  PreSign vs Sign (/attempt)             1.3% +/-  2.1             3.8% +/-  1.9
  PreVerify vs Verify                    5.1% +/-  2.8             0.8% +/-  0.9
  Adapt vs Verify                        7.3% +/-  0.5             6.9% +/-  5.4
  (Extract has no basic analogue in either construction. PreSign is
   compared per ATTEMPT, so the realised restart counts cannot bias it.)

--- rejection sampling (counted directly, never inferred) ---
                              Simplified Dilithium-II            ML-DSA-44
  attempts/Sign                                2.6784               4.2464
  attempts/PreSign                             2.8596               4.5304

--- communication (bytes on the wire) ---
  object                      Simplified Dilithium-II            ML-DSA-44      ratio
  public key                                     2944                 1312      0.45x
  signature                                      4640                 2420      0.52x
  pre-signature                                  4640                 2420      0.52x
  statement Y                                    2944                 2944      1.00x
  witness                                         512                  384      0.75x
  swap payload (sig + Y)                         7584                 5364      0.71x

NOTE: this is a COST comparison between two engineering routes to the
same adaptor functionality. It is NOT a security comparison: the two
constructions have different parameters and different security
arguments, and neither is analysed here (out of scope).

OK: rejection gates, attempt-counter checks and success-path
    assertions all passed. Caveat: the two constructions are measured
    sequentially within one process, so intra-run drift is not
    controlled for.
