{
  "authorised_by": "OP_CHECKLASSIGVERIFY \u2014 a LAS signature verified by consensus",
  "chunk_width": 520,
  "control_block_bytes": 33,
  "core_helpers_used": [
    "test_framework.address.output_key_to_p2tr",
    "test_framework.key.ECKey",
    "test_framework.key.compute_xonly_pubkey",
    "test_framework.key.sign_schnorr",
    "test_framework.messages.COutPoint",
    "test_framework.messages.CTransaction",
    "test_framework.messages.CTxIn",
    "test_framework.messages.CTxInWitness",
    "test_framework.messages.CTxOut",
    "test_framework.script.CScript",
    "test_framework.script.CScriptOp",
    "test_framework.script.LEAF_VERSION_TAPSCRIPT",
    "test_framework.script.OP_1",
    "test_framework.script.OP_CHECKSIG",
    "test_framework.script.OP_DROP",
    "test_framework.script.TaprootSignatureHash",
    "test_framework.script.taproot_construct"
  ],
  "leaf_script_bytes": 35,
  "model": {
    "base_size": 94,
    "total_size": 11385,
    "vsize": 2917,
    "weight": 11667,
    "witness_size": 11291
  },
  "mutate": "chunk_reordered",
  "pk_bytes": 4416,
  "pk_chunks": 9,
  "sig_bytes": 6736,
  "sig_chunks": 13,
  "witness_item_lengths": [
    520,
    520,
    520,
    520,
    520,
    520,
    520,
    520,
    520,
    520,
    520,
    520,
    496,
    520,
    520,
    520,
    520,
    520,
    520,
    520,
    520,
    256,
    35,
    33
  ],
  "witness_items": 24
}
