{
  "claimed_value_sat": 100001000,
  "core_helpers_used": [
    "test_framework.address.output_key_to_p2tr",
    "test_framework.key.ECKey",
    "test_framework.key.compute_xonly_pubkey",
    "test_framework.key.sign_schnorr",
    "test_framework.messages.COutPoint",
    "test_framework.messages.CTransaction",
    "test_framework.messages.CTxIn",
    "test_framework.messages.CTxInWitness",
    "test_framework.messages.CTxOut",
    "test_framework.script.CScript",
    "test_framework.script.CScriptOp",
    "test_framework.script.LEAF_VERSION_TAPSCRIPT",
    "test_framework.script.OP_1",
    "test_framework.script.OP_CHECKSIG",
    "test_framework.script.OP_DROP",
    "test_framework.script.TaprootSignatureHash",
    "test_framework.script.taproot_construct"
  ],
  "mutate": "wrong_prevout_amt",
  "sighash": "e41d913c3da17150c15a5442faa5245e866688b9d6a549232264617a9f8cf9ba"
}
