==========================================================================
 LAS parameter set: n=8 ell=7 kappa=60 gamma=230400  (d=256, Q=8380417)
   M = n + ell = 15   (dim of sk=r, witness r', mask y, responses z_hat/z)
   paper notation: pp=(A,H)  pk=t  sk=r  statement Y=t'  witness r'
   signing mask y -> commitment w = A*y  (hashed into c; NOT transmitted)
==========================================================================
 Reproducibility: compiler=13.3.0
                  built=Sep  4 2026 21:26:27   git=c4064a2 (final-report-audit)
                  (CPU / OS-WSL / run-date captured per run by
                   scripts/run_fair_benchmarks.sh into metadata.txt)
 5 repetitions x 1000 (sign-class) / 1000 (verify-class) iters/op; mean +/- sample SD;
 single thread, -O3.  Repetition scheme, fixed pp seed and fixed 33-byte message
 mirror the Rust driver (rust/fips204-las/examples/bench_levels.rs) exactly.
 Cycles/op via upstream test/cpucycles.{h,c} (rdtsc; invariant-TSC reference
 cycles), read once per repetition window: measured read overhead 1 cycles,
 i.e. ~0.0010 cycles/op at the 1000-iteration sign-class loop -- negligible, not
 subtracted.  One setup and one consistent state per run (plus its packed byte
 image for the end-to-end tier); primary protocol timings first, then
 diagnostics from the SAME state (cost-attribution / communication aids).

--- WHAT IS COMPARED (separate base/adaptor modules; matched parameters; shared primitives) ---
 BASE  (simplified Dilithium-style signature; NO adaptor statement t'):
   Sign      c = H(pk, w,      M)        Verify    c == H(pk, w',      M)
 LAS ADAPTOR (same scheme; statement/lock Y=t' folded into the hash):
   PreSign   c = H(pk, w + t', M),  z_hat = y + c*r  (reject |z_hat|inf > gamma-kappa-1)
   PreVerify c == H(pk, w' + t', M)
   Adapt     z = z_hat + r'   (final response z;          reject |z|inf > gamma-kappa)
   Ext       s = z - z_hat   (recovers the witness r')
   Adapted sig clears ordinary Verify without an explicit +t' because
     A(z_hat + r') - c*t = (A*z_hat - c*t) + A*r' = w' + t'   (t' = A*r').
   pi (paper-level off-chain proof of well-formedness) is NOT implemented/measured here.
 Every operation is timed at BOTH API tiers: TIER 1 core crypto (structs in/out,
 pure computation) and TIER 2 end-to-end packed (bytes in/out; validating
 unpack -> core -> pack inside the call, upstream sign.c's boundary).

##########################################################################
# PRIMARY (protocol-level) timings -- the headline adaptor-overhead table #
##########################################################################
--- COMPUTATION, TIER 1: CORE CRYPTO (struct API; pure computation, no codec)
    (per op: microseconds AND cycles, each mean +/- sample SD) ---

 Shared (public params pp=(A,H); KeyGen -> pk=t, sk=r):
   Setup             84.78 +/-   5.37 us       289107 +/-     18317 cyc
   KeyGen            70.64 +/-   0.05 us       240898 +/-       184 cyc

 Base path (simplified Dilithium-style, c = H(pk, w, M); no t'):
   Sign             508.07 +/-  13.99 us      1735891 +/-     45555 cyc
   Verify           137.90 +/-   0.35 us       473533 +/-      1190 cyc

 LAS adaptor path (statement t' folded into the hash, c = H(pk, w+t', M)):
   PreSign          517.23 +/-  10.23 us      1776176 +/-     35113 cyc
   PreVerify        142.30 +/-   0.05 us       488659 +/-       178 cyc
   Adapt            146.64 +/-   0.17 us       503552 +/-       577 cyc
   Ext               60.07 +/-   0.03 us       206287 +/-       117 cyc

 Adaptor overhead (adaptor op vs the base op it mirrors; core tier, us):
   PreSign       vs Sign       517.23 vs   508.07   (+1.8%)
   PreVerify     vs Verify     142.30 vs   137.90   (+3.2%)
   Adapt         vs Verify     146.64 vs   137.90   (+6.3%)
   Ext (separate)               60.07            (no base analogue)

--- COMPUTATION, TIER 2: END-TO-END PACKED (byte API: validating unpack ->
    core -> pack INSIDE the call -- the boundary upstream sign.c exposes;
    same repetition scheme and units; Setup has no packed twin) ---

 Shared:
   KeyGen_packed      213.96 +/-   0.16 us       734737 +/-       558 cyc

 Base path (bytes in/out):
   Sign_packed        846.17 +/-  10.35 us      2909083 +/-     39519 cyc
   Verify_packed      482.64 +/-   4.52 us      1663244 +/-     15592 cyc

 LAS adaptor path (bytes in/out; las_verify_packed = the on-chain-style entry):
   PreSign_packed     991.05 +/-  23.99 us      3407274 +/-     76003 cyc
   PreVerify_packed   631.25 +/-   0.17 us      2128004 +/-       564 cyc
   Adapt_packed       846.34 +/-   6.95 us      2865319 +/-      1330 cyc
   Ext_packed         645.55 +/-   3.11 us      2216838 +/-     10665 cyc

 Adaptor overhead at the packed boundary (adaptor op vs base op, us):
   PreSign_packed   vs Sign_packed      991.05 vs   846.17   (+17.1%)
   PreVerify_packed vs Verify_packed    631.25 vs   482.64   (+30.8%)
   Adapt_packed     vs Verify_packed    846.34 vs   482.64   (+75.4%)
   Ext_packed (separate)                645.55            (no base analogue)
   NOTE: these packed-boundary overheads fold in EXTRA CODEC WORK, not just
   adaptor math -- PreSign_packed/PreVerify_packed additionally decode the
   pk-sized statement t'; Adapt_packed additionally decodes t' and the witness
   r' and re-packs the adapted signature.  The CORE tier above isolates the
   pure adaptor computation (the headline overhead); the codec-cost table
   below prices the byte boundary itself.

 Codec boundary cost (packed minus core, per op, us -- the price of the
 byte boundary: validating unpack of the inputs + pack of the output;
 differences of independently measured means, so small values sit within
 the SDs above):
   KeyGen_packed    - KeyGen        +143.32   (+202.9%)
   Sign_packed      - Sign          +338.11   ( +66.5%)
   Verify_packed    - Verify        +344.74   (+250.0%)
   PreSign_packed   - PreSign       +473.82   ( +91.6%)
   PreVerify_packed - PreVerify     +488.95   (+343.6%)
   Adapt_packed     - Adapt         +699.70   (+477.2%)
   Ext_packed       - Ext           +585.48   (+974.6%)

##########################################################################
# DIAGNOSTICS (secondary; cost-attribution & communication; SAME state)  #
##########################################################################
--- A. REJECTION-SAMPLING DISTRIBUTION (2000 signing calls each;
       attempts read directly from base_attempts / las_attempts) ---
   operation                   avg accept%   min   max   p50   p95
   Base Sign (no t')         2.769   36.1%     1    17     2     7
   LAS PreSign (folds t')    2.737   36.5%     1    15     2     7
   avg = mean attempts/sig; accept% = 1/avg; both schemes reject under
   Fiat-Shamir-with-aborts at the bound gamma-kappa (Base Sign) /
   gamma-kappa-1 (LAS PreSign).
   attempts histogram (k, calls accepted on exactly the k-th attempt,
   out of 2000 calls each):
   histogram k=1 base=735 presign=725
   histogram k=2 base=426 presign=442
   histogram k=3 base=323 presign=329
   histogram k=4 base=174 presign=187
   histogram k=5 base=128 presign=111
   histogram k=6 base=78 presign=80
   histogram k=7 base=54 presign=48
   histogram k=8 base=31 presign=28
   histogram k=9 base=16 presign=19
   histogram k=10 base=12 presign=8
   histogram k=11 base=8 presign=7
   histogram k=12 base=6 presign=6
   histogram k=13 base=3 presign=6
   histogram k=14 base=3 presign=2
   histogram k=15 base=1 presign=2
   histogram k=16 base=1 presign=0
   histogram k=17 base=1 presign=0
   Run-validity gates below cover the 5 x 1000 TIMED sign-class calls of EACH
   tier of the primary table -- the packed sign-class calls wrap the same
   rejection loop -- (same 5-sigma check and line format as the Rust drivers):
rejection gate [Algorithm 1 Sign]: 5000 calls, measured 2.7278 attempts/call (acceptance 36.66%) vs theory 2.7186 (36.78%), 5-sigma tolerance +-0.1528 => OK
rejection gate [Algorithm 2 PreSign]: 5000 calls, measured 2.7224 attempts/call (acceptance 36.73%) vs theory 2.7643 (36.18%), 5-sigma tolerance +-0.1562 => OK
rejection gate [Algorithm 1 Sign (packed tier)]: 5000 calls, measured 2.6984 attempts/call (acceptance 37.06%) vs theory 2.7186 (36.78%), 5-sigma tolerance +-0.1528 => OK
rejection gate [Algorithm 2 PreSign (packed tier)]: 5000 calls, measured 2.7286 attempts/call (acceptance 36.65%) vs theory 2.7643 (36.18%), 5-sigma tolerance +-0.1562 => OK
per-attempt diagnostic (rejection-normalised): Sign 186.3 +/- 1.7 us | PreSign 190.0 +/- 2.1 us | overhead +2.0%

--- B. ADAPT TIMING CLARIFICATION (microseconds, mean +/- SD) ---
   Adapt checked total       146.637 +/-  0.168   (PROTOCOL: las_adapt above, incl. internal PreVerify)
   witness-add only            4.232 +/-  0.014   (DIAGNOSTIC ONLY: z=z_hat+r'; not a protocol op)
   A real Adapt MUST pre-verify first; the witness-add line is a lower bound,
   not a usable operation.  Use 'Adapt checked total' for protocol cost.

--- C. COMMUNICATION (packed bytes; BYTE-LEVEL only, NOT EVM gas) ---
   public key    pk = t                5888
   secret key    sk = r                 960
   statement     Y = t'               5888   (64.1% of the signature; t' has pk size)
   witness       r'                    960   (same packed layout as sk = r)
   challenge     c_tilde                64   (H digest; FIPS 204 lambda/4 for this set)
   response      z (final)            9120   (99.3% of the signature)
   response      z_hat (pre-sig)      9120   (same packed layout as z)
   signature         (c, z)           9184
   pre-signature     (c, z_hat)       9184   (same size as the signature)
   final adapted sig (c, z)           9184   (an ordinary signature)
   commitment    w = A*y            internal computed commitment; hashed into c; not transmitted
   -- protocol-component catalogue (context; what each object is / why counted or not) --
   pp=(A,H)  A' seed                    32   (public params; only this 32-byte seed is transmitted)
   pp=(A,H)  expanded A'             41216   (n*ell polys; DERIVED from the seed, NOT transmitted)
   y (signing mask, S_gamma)         9120   (n+ell polys; INTERNAL, hashed into c via w, NOT transmitted)
   w = A*y (commitment)              5888   (n polys; INTERNAL, hashed into c, NOT transmitted)
   pi (NIZK well-formedness proof)    n/a   (paper-level off-chain proof; NOT implemented / NOT measured)
   tx metadata (addrs/amounts/nonces) excl   (application/ledger layer; EXCLUDED from this accounting)
   atomic-swap payload (byte-level only):
     off-chain   = Y + 2*pre-signature        =  24256   [= t' + 2*(c, z_hat)]
     settlement  = 2*signature                =  18368   [= 2*(c, z)]
     settlement incl. escrowed Y = Y + 2*sig  =  24256
   (EVM/keccak gas for on-chain verification is a separate axis; see evm/.)

--- D. COMPONENT MICROBENCHMARKS (microseconds, mean +/- SD) ---
   Cost-attribution ESTIMATES timing LOCAL COPIES of the inner steps
   (behaviourally identical to las.c) -- NOT the protocol entry points above.
   A-product / commitment w = A*y                         55.859 +/-  0.291
   challenge hash  c = H(pk, w(+t'), M)                   48.414 +/-  0.237
   NTT(s)  (n+ell polys; ONCE PER CALL, hoisted)          24.435 +/-  0.091
   NTT(c)  (one poly; once per attempt / per verify)       1.633 +/-  0.015
   c*r  (one poly; pointwise+invNTT, operands pre-NTT'd)   2.602 +/-  0.009
   c*r  per attempt (NTT(c) + n+ell pointwise+invNTT)     40.628 +/-  0.079
   norm check  |z|inf over n+ell polys                     1.877 +/-  0.017
   w + t'   (n polys)                                      4.415 +/-  0.015
   z_hat + witness r'   (n+ell polys)                      4.232 +/-  0.014
   c*t  per verify (NTT(c) + n x (NTT(t)+pw+invNTT))      35.383 +/-  0.043
   KeyGen/Gen: sample r (n+ell ternary polys)              6.566 +/-  0.031
     (KeyGen = sample r + A*r; A*r is the A-product line above; statement Y gen = KeyGen)
   Ext: s = z - z_hat   (n+ell polys)                      4.225 +/-  0.008
   Ext: A*s   (recompute statement; = an A-product)       55.543 +/-  0.133
   Ext: t' == A*s check   (n polys)                        0.548 +/-  0.114
   note: a full Sign/PreSign attempt applies c*r across N_PLUS_ELL = n+ell = 15
         response polynomials; Verify-style challenge multiplication applies
         c*t across LAS_N = n = 8 public-key polynomials.  NTT hoisting
         follows upstream ref/sign.c: NTT(s) is paid once per CALL (amortised
         over ~e rejection attempts), NTT(c) once per attempt / per verify.

--- E. NORM-MARGIN DIAGNOSTICS (achieved infinity-norm vs the reject bound;
       max over the 2000 sampled accepted signatures from section A) ---
   accepted |z|inf      max    230340   vs accept limit g-k   =    230340   (100.00% of band)
   accepted |z^|inf     max    230339   vs accept limit g-k-1 =    230339   (100.00% of band)
   Interpretation: the RESPONSE z/z^ saturates its band (~100%) -- the bound is
   the binding constraint and is exactly why ~63% of attempts are rejected.
   Contrast the AMHL cumulative WITNESS ||s_j||inf, which is tiny (<=K) vs the
   g-k-K band: that bound is extremely loose (see bench_app, the K-series table).
